This file contains any messages produced by compilers while
running configure, to aid debugging if configure makes a mistake.

It was created by libnfs configure 16.2.0, which was
generated by GNU Autoconf 2.72.  Invocation command line was

  $ ./configure --disable-gssapi --disable-nfsv4 --disable-utils

## --------- ##
## Platform. ##
## --------- ##

hostname = 0x0z0n
uname -m = x86_64
uname -r = 6.18.5+kali-amd64
uname -s = Linux
uname -v = #1 SMP PREEMPT_DYNAMIC Kali 6.18.5-1kali1 (2026-01-19)

/usr/bin/uname -p = unknown
/bin/uname -X     = unknown

/bin/arch              = x86_64
/usr/bin/arch -k       = unknown
/usr/convex/getsysinfo = unknown
/usr/bin/hostinfo      = unknown
/bin/machine           = unknown
/usr/bin/oslevel       = unknown
/bin/universe          = unknown

PATH: /home/z0n/myenv/bin/
PATH: /home/z0n/.local/bin/
PATH: /usr/local/sbin/
PATH: /usr/sbin/
PATH: /sbin/
PATH: /usr/local/bin/
PATH: /usr/bin/
PATH: /bin/
PATH: /usr/local/games/
PATH: /usr/games/
PATH: /home/z0n/.dotnet/tools/
PATH: /home/z0n/.lmstudio/bin/


## ----------- ##
## Core tests. ##
## ----------- ##

configure:2479: looking for aux files: ltmain.sh compile ar-lib config.guess config.sub missing install-sh
configure:2492:  trying ./
configure:2521:   ./ltmain.sh found
configure:2521:   ./compile found
configure:2521:   ./ar-lib found
configure:2521:   ./config.guess found
configure:2521:   ./config.sub found
configure:2521:   ./missing found
configure:2503:   ./install-sh found
configure:2653: checking for a BSD-compatible install
configure:2727: result: /usr/bin/install -c
configure:2738: checking whether sleep supports fractional seconds
configure:2754: result: yes
configure:2757: checking filesystem timestamp resolution
configure:2892: result: 0.01
configure:2897: checking whether build environment is sane
configure:2942: result: yes
configure:3113: checking for a race-free mkdir -p
configure:3156: result: /usr/bin/mkdir -p
configure:3163: checking for gawk
configure:3184: found /usr/bin/gawk
configure:3196: result: gawk
configure:3207: checking whether make sets $(MAKE)
configure:3231: result: yes
configure:3257: checking whether make supports nested variables
configure:3276: result: yes
configure:3290: checking xargs -n works
configure:3306: result: yes
configure:3391: checking whether UID '1000' is supported by ustar format
configure:3397: result: yes
configure:3404: checking whether GID '1000' is supported by ustar format
configure:3410: result: yes
configure:3418: checking how to create a ustar tar archive
configure:3429: tar --version
tar (GNU tar) 1.35
Copyright (C) 2023 Free Software Foundation, Inc.
License GPLv3+: GNU GPL version 3 or later <https://gnu.org/licenses/gpl.html>.
This is free software: you are free to change and redistribute it.
There is NO WARRANTY, to the extent permitted by law.

Written by John Gilmore and Jay Fenlason.
configure:3432: $? = 0
configure:3472: tardir=conftest.dir && eval tar --format=ustar -chf - "$tardir" >conftest.tar
configure:3475: $? = 0
configure:3479: tar -xf - <conftest.tar
configure:3482: $? = 0
configure:3484: cat conftest.dir/file
GrepMe
configure:3487: $? = 0
configure:3502: result: gnutar
configure:3534: checking build system type
configure:3550: result: x86_64-pc-linux-gnu
configure:3570: checking host system type
configure:3585: result: x86_64-pc-linux-gnu
configure:3620: checking whether make supports the include directive
configure:3635: make -f confmf.GNU && cat confinc.out
this is the am__doit target
configure:3638: $? = 0
configure:3657: result: yes (GNU style)
configure:3734: checking for gcc
configure:3755: found /usr/bin/gcc
configure:3767: result: gcc
configure:4126: checking for C compiler version
configure:4135: gcc --version >&5
gcc (Debian 15.2.0-12) 15.2.0
Copyright (C) 2025 Free Software Foundation, Inc.
This is free software; see the source for copying conditions.  There is NO
warranty; not even for MERCHANTABILITY or FITNESS FOR A PARTICULAR PURPOSE.

configure:4146: $? = 0
configure:4135: gcc -v >&5
Using built-in specs.
COLLECT_GCC=gcc
COLLECT_LTO_WRAPPER=/usr/libexec/gcc/x86_64-linux-gnu/15/lto-wrapper
OFFLOAD_TARGET_NAMES=nvptx-none:amdgcn-amdhsa
OFFLOAD_TARGET_DEFAULT=1
Target: x86_64-linux-gnu
Configured with: ../src/configure -v --with-pkgversion='Debian 15.2.0-12' --with-bugurl=file:///usr/share/doc/gcc-15/README.Bugs --enable-languages=c,ada,c++,go,d,fortran,objc,obj-c++,m2,rust,cobol,algol68 --prefix=/usr --with-gcc-major-version-only --program-suffix=-15 --program-prefix=x86_64-linux-gnu- --enable-shared --enable-linker-build-id --libexecdir=/usr/libexec --without-included-gettext --enable-threads=posix --libdir=/usr/lib --enable-nls --enable-bootstrap --enable-clocale=gnu --enable-libstdcxx-debug --enable-libstdcxx-time=yes --with-default-libstdcxx-abi=new --enable-libstdcxx-backtrace --enable-gnu-unique-object --disable-vtable-verify --enable-plugin --enable-default-pie --with-system-zlib --enable-libphobos-checking=release --with-target-system-zlib=auto --enable-objc-gc=auto --enable-multiarch --disable-werror --enable-cet --with-arch-32=i686 --with-abi=m64 --with-multilib-list=m32,m64,mx32 --enable-multilib --with-tune=generic --enable-offload-targets=nvptx-none=/build/reproducible-path/gcc-15-15.2.0/debian/tmp-nvptx/usr,amdgcn-amdhsa=/build/reproducible-path/gcc-15-15.2.0/debian/tmp-gcn/usr --enable-offload-defaulted --without-cuda-driver --enable-checking=release --build=x86_64-linux-gnu --host=x86_64-linux-gnu --target=x86_64-linux-gnu --with-build-config=bootstrap-lto-lean --enable-link-serialization=3
Thread model: posix
Supported LTO compression algorithms: zlib zstd
gcc version 15.2.0 (Debian 15.2.0-12) 
... rest of stderr output deleted ...
configure:4146: $? = 0
configure:4135: gcc -V >&5
gcc: error: unrecognized command-line option '-V'
gcc: fatal error: no input files
compilation terminated.
configure:4146: $? = 1
configure:4135: gcc -qversion >&5
gcc: error: unrecognized command-line option '-qversion'; did you mean '--version'?
gcc: fatal error: no input files
compilation terminated.
configure:4146: $? = 1
configure:4135: gcc -version >&5
gcc: error: unrecognized command-line option '-version'
gcc: fatal error: no input files
compilation terminated.
configure:4146: $? = 1
configure:4166: checking whether the C compiler works
configure:4188: gcc    conftest.c  >&5
configure:4192: $? = 0
configure:4243: result: yes
configure:4247: checking for C compiler default output file name
configure:4249: result: a.out
configure:4255: checking for suffix of executables
configure:4262: gcc -o conftest    conftest.c  >&5
configure:4266: $? = 0
configure:4290: result: 
configure:4314: checking whether we are cross compiling
configure:4322: gcc -o conftest    conftest.c  >&5
configure:4326: $? = 0
configure:4333: ./conftest
configure:4337: $? = 0
configure:4352: result: no
configure:4358: checking for suffix of object files
configure:4381: gcc -c   conftest.c >&5
configure:4385: $? = 0
configure:4409: result: o
configure:4413: checking whether the compiler supports GNU C
configure:4433: gcc -c   conftest.c >&5
configure:4433: $? = 0
configure:4445: result: yes
configure:4456: checking whether gcc accepts -g
configure:4477: gcc -c -g  conftest.c >&5
configure:4477: $? = 0
configure:4524: result: yes
configure:4544: checking for gcc option to enable C11 features
configure:4559: gcc  -c -g -O2  conftest.c >&5
configure:4559: $? = 0
configure:4578: result: none needed
configure:4702: checking whether gcc understands -c and -o together
configure:4725: gcc -c conftest.c -o conftest2.o
configure:4728: $? = 0
configure:4725: gcc -c conftest.c -o conftest2.o
configure:4728: $? = 0
configure:4744: result: yes
configure:4763: checking dependency style of gcc
configure:4876: result: gcc3
configure:4948: checking for ar
configure:4969: found /usr/bin/ar
configure:4981: result: ar
configure:5008: checking the archiver (ar) interface
configure:5025: gcc -c -g -O2  conftest.c >&5
configure:5025: $? = 0
configure:5028: ar cr libconftest.a conftest.o >&5
configure:5031: $? = 0
configure:5060: result: ar
configure:5138: checking for gcc
configure:5171: result: gcc
configure:5530: checking for C compiler version
configure:5539: gcc --version >&5
gcc (Debian 15.2.0-12) 15.2.0
Copyright (C) 2025 Free Software Foundation, Inc.
This is free software; see the source for copying conditions.  There is NO
warranty; not even for MERCHANTABILITY or FITNESS FOR A PARTICULAR PURPOSE.

configure:5550: $? = 0
configure:5539: gcc -v >&5
Using built-in specs.
COLLECT_GCC=gcc
COLLECT_LTO_WRAPPER=/usr/libexec/gcc/x86_64-linux-gnu/15/lto-wrapper
OFFLOAD_TARGET_NAMES=nvptx-none:amdgcn-amdhsa
OFFLOAD_TARGET_DEFAULT=1
Target: x86_64-linux-gnu
Configured with: ../src/configure -v --with-pkgversion='Debian 15.2.0-12' --with-bugurl=file:///usr/share/doc/gcc-15/README.Bugs --enable-languages=c,ada,c++,go,d,fortran,objc,obj-c++,m2,rust,cobol,algol68 --prefix=/usr --with-gcc-major-version-only --program-suffix=-15 --program-prefix=x86_64-linux-gnu- --enable-shared --enable-linker-build-id --libexecdir=/usr/libexec --without-included-gettext --enable-threads=posix --libdir=/usr/lib --enable-nls --enable-bootstrap --enable-clocale=gnu --enable-libstdcxx-debug --enable-libstdcxx-time=yes --with-default-libstdcxx-abi=new --enable-libstdcxx-backtrace --enable-gnu-unique-object --disable-vtable-verify --enable-plugin --enable-default-pie --with-system-zlib --enable-libphobos-checking=release --with-target-system-zlib=auto --enable-objc-gc=auto --enable-multiarch --disable-werror --enable-cet --with-arch-32=i686 --with-abi=m64 --with-multilib-list=m32,m64,mx32 --enable-multilib --with-tune=generic --enable-offload-targets=nvptx-none=/build/reproducible-path/gcc-15-15.2.0/debian/tmp-nvptx/usr,amdgcn-amdhsa=/build/reproducible-path/gcc-15-15.2.0/debian/tmp-gcn/usr --enable-offload-defaulted --without-cuda-driver --enable-checking=release --build=x86_64-linux-gnu --host=x86_64-linux-gnu --target=x86_64-linux-gnu --with-build-config=bootstrap-lto-lean --enable-link-serialization=3
Thread model: posix
Supported LTO compression algorithms: zlib zstd
gcc version 15.2.0 (Debian 15.2.0-12) 
... rest of stderr output deleted ...
configure:5550: $? = 0
configure:5539: gcc -V >&5
gcc: error: unrecognized command-line option '-V'
gcc: fatal error: no input files
compilation terminated.
configure:5550: $? = 1
configure:5539: gcc -qversion >&5
gcc: error: unrecognized command-line option '-qversion'; did you mean '--version'?
gcc: fatal error: no input files
compilation terminated.
configure:5550: $? = 1
configure:5539: gcc -version >&5
gcc: error: unrecognized command-line option '-version'
gcc: fatal error: no input files
compilation terminated.
configure:5550: $? = 1
configure:5554: checking whether the compiler supports GNU C
configure:5586: result: yes
configure:5597: checking whether gcc accepts -g
configure:5665: result: yes
configure:5685: checking for gcc option to enable C11 features
configure:5719: result: none needed
configure:5843: checking whether gcc understands -c and -o together
configure:5885: result: yes
configure:5904: checking dependency style of gcc
configure:6017: result: gcc3
configure:6079: checking how to print strings
configure:6106: result: printf
configure:6127: checking for a sed that does not truncate output
configure:6199: result: /usr/bin/sed
configure:6217: checking for grep that handles long lines and -e
configure:6283: result: /usr/bin/grep
configure:6288: checking for egrep
configure:6358: result: /usr/bin/grep -E
configure:6365: checking for fgrep
configure:6435: result: /usr/bin/grep -F
configure:6472: checking for ld used by gcc
configure:6541: result: /usr/bin/x86_64-linux-gnu-ld
configure:6548: checking if the linker (/usr/bin/x86_64-linux-gnu-ld) is GNU ld
configure:6565: result: yes
configure:6577: checking for BSD- or MS-compatible name lister (nm)
configure:6633: result: /usr/bin/nm -B
configure:6775: checking the name lister (/usr/bin/nm -B) interface
configure:6783: gcc -c -g -O2  conftest.c >&5
configure:6786: /usr/bin/nm -B "conftest.o"
configure:6789: output
0000000000000000 B some_variable
configure:6797: result: BSD nm
configure:6800: checking whether ln -s works
configure:6804: result: yes
configure:6812: checking the maximum length of command line arguments
configure:6945: result: 1572864
configure:6993: checking how to convert x86_64-pc-linux-gnu file names to x86_64-pc-linux-gnu format
configure:7035: result: func_convert_file_noop
configure:7042: checking how to convert x86_64-pc-linux-gnu file names to toolchain format
configure:7064: result: func_convert_file_noop
configure:7071: checking for /usr/bin/x86_64-linux-gnu-ld option to reload object files
configure:7080: result: -r
configure:7113: checking for file
configure:7134: found /usr/bin/file
configure:7147: result: file
configure:7210: checking for objdump
configure:7231: found /usr/bin/objdump
configure:7243: result: objdump
configure:7275: checking how to recognize dependent libraries
configure:7484: result: pass_all
configure:7575: checking for dlltool
configure:7611: result: no
configure:7641: checking how to associate runtime and link libraries
configure:7670: result: printf %s\n
configure:7730: checking for ranlib
configure:7751: found /usr/bin/ranlib
configure:7763: result: ranlib
configure:7926: checking for archiver @FILE support
configure:7944: gcc -c -g -O2  conftest.c >&5
configure:7944: $? = 0
configure:7948: ar cr libconftest.a @conftest.lst >&5
configure:7951: $? = 0
configure:7956: ar cr libconftest.a @conftest.lst >&5
ar: conftest.o: No such file or directory
configure:7959: $? = 1
configure:7972: result: @
configure:8036: checking for strip
configure:8057: found /usr/bin/strip
configure:8069: result: strip
configure:8172: checking command to parse /usr/bin/nm -B output from gcc object
configure:8326: gcc -c -g -O2  conftest.c >&5
configure:8329: $? = 0
configure:8333: /usr/bin/nm -B conftest.o | /usr/bin/sed -n -e 's/^.*[	 ]\([ABCDGIRSTW][ABCDGIRSTW]*\)[	 ][	 ]*\([_A-Za-z][_A-Za-z0-9]*\)$/\1 \2 \2/p' | /usr/bin/sed '/ __gnu_lto/d' > conftest.nm
configure:8399: gcc -o conftest -g -O2   conftest.c conftstm.o >&5
configure:8402: $? = 0
configure:8441: result: ok
configure:8488: checking for sysroot
configure:8522: result: no
configure:8529: checking for a working dd
configure:8574: result: /usr/bin/dd
configure:8578: checking how to truncate binary pipes
configure:8595: result: /usr/bin/dd bs=4096 count=1
configure:8732: gcc -c -g -O2  conftest.c >&5
configure:8735: $? = 0
configure:8935: checking for mt
configure:8956: found /usr/bin/mt
configure:8968: result: mt
configure:8991: checking if mt is a manifest tool
configure:8998: mt '-?'
configure:9007: result: no
configure:9804: checking for stdio.h
configure:9804: gcc -c -g -O2  conftest.c >&5
configure:9804: $? = 0
configure:9804: result: yes
configure:9804: checking for stdlib.h
configure:9804: gcc -c -g -O2  conftest.c >&5
configure:9804: $? = 0
configure:9804: result: yes
configure:9804: checking for string.h
configure:9804: gcc -c -g -O2  conftest.c >&5
configure:9804: $? = 0
configure:9804: result: yes
configure:9804: checking for inttypes.h
configure:9804: gcc -c -g -O2  conftest.c >&5
configure:9804: $? = 0
configure:9804: result: yes
configure:9804: checking for stdint.h
configure:9804: gcc -c -g -O2  conftest.c >&5
configure:9804: $? = 0
configure:9804: result: yes
configure:9804: checking for strings.h
configure:9804: gcc -c -g -O2  conftest.c >&5
configure:9804: $? = 0
configure:9804: result: yes
configure:9804: checking for sys/stat.h
configure:9804: gcc -c -g -O2  conftest.c >&5
configure:9804: $? = 0
configure:9804: result: yes
configure:9804: checking for sys/types.h
configure:9804: gcc -c -g -O2  conftest.c >&5
configure:9804: $? = 0
configure:9804: result: yes
configure:9804: checking for unistd.h
configure:9804: gcc -c -g -O2  conftest.c >&5
configure:9804: $? = 0
configure:9804: result: yes
configure:9829: checking for dlfcn.h
configure:9829: gcc -c -g -O2  conftest.c >&5
configure:9829: $? = 0
configure:9829: result: yes
configure:10132: checking for objdir
configure:10149: result: .libs
configure:10415: checking if gcc supports -fno-rtti -fno-exceptions
configure:10434: gcc -c -g -O2  -fno-rtti -fno-exceptions conftest.c >&5
cc1: warning: command-line option '-fno-rtti' is valid for C++/D/ObjC++ but not for C
configure:10438: $? = 0
configure:10452: result: no
configure:10831: checking for gcc option to produce PIC
configure:10840: result: -fPIC -DPIC
configure:10848: checking if gcc PIC flag -fPIC -DPIC works
configure:10867: gcc -c -g -O2  -fPIC -DPIC -DPIC conftest.c >&5
configure:10871: $? = 0
configure:10885: result: yes
configure:10914: checking if gcc static flag -static works
configure:10944: result: yes
configure:10959: checking if gcc supports -c -o file.o
configure:10981: gcc -c -g -O2  -o out/conftest2.o conftest.c >&5
configure:10985: $? = 0
configure:11008: result: yes
configure:11016: checking if gcc supports -c -o file.o
configure:11065: result: yes
configure:11098: checking whether the gcc linker (/usr/bin/x86_64-linux-gnu-ld -m elf_x86_64) supports shared libraries
configure:12386: result: yes
configure:12423: checking whether -lc should be explicitly linked in
configure:12432: gcc -c -g -O2  conftest.c >&5
configure:12435: $? = 0
configure:12450: gcc -shared  -fPIC -DPIC conftest.o  -v -Wl,-soname -Wl,conftest -o conftest 2\>\&1 \| /usr/bin/grep  -lc  \>/dev/null 2\>\&1
configure:12453: $? = 0
configure:12468: result: no
configure:12628: checking dynamic linker characteristics
configure:13247: gcc -o conftest -g -O2   -Wl,-rpath -Wl,/foo conftest.c  >&5
configure:13247: $? = 0
configure:14030: result: GNU/Linux ld.so
configure:14152: checking how to hardcode library paths into programs
configure:14177: result: immediate
configure:14777: checking whether stripping libraries is possible
configure:14786: result: yes
configure:14828: checking if libtool supports shared libraries
configure:14830: result: yes
configure:14833: checking whether to build shared libraries
configure:14858: result: yes
configure:14861: checking whether to build static libraries
configure:14865: result: yes
configure:14964: checking for pkg-config
configure:14987: found /usr/bin/pkg-config
configure:15000: result: /usr/bin/pkg-config
configure:15025: checking pkg-config is at least version 0.9.0
configure:15028: result: yes
configure:15050: checking for  option for large files
configure:15085: gcc -c -g -O2  conftest.c >&5
configure:15085: $? = 0
configure:15091: gcc -c -g -O2  -DFTYPE=ino_t conftest.c >&5
configure:15091: $? = 0
configure:15116: result: none needed
configure:15266: Build with gssapi_krb5 support
configure:15270: checking for gssapi/gssapi.h
configure:15270: gcc -c -g -O2  conftest.c >&5
configure:15270: $? = 0
configure:15270: result: yes
configure:15407: checking whether SO_BINDTODEVICE is available
configure:15422: gcc -c -g -O2  conftest.c >&5
configure:15422: $? = 0
configure:15431: result: yes
configure:15445: checking whether getpwnam() is available
configure:15463: gcc -c -g -O2  conftest.c >&5
configure:15463: $? = 0
configure:15472: result: yes
configure:15631: checking for sys/sysmacros.h
configure:15631: gcc -c -g -O2  conftest.c >&5
configure:15631: $? = 0
configure:15631: result: yes
configure:15640: checking for poll.h
configure:15640: gcc -c -g -O2  conftest.c >&5
configure:15640: $? = 0
configure:15640: result: yes
configure:15649: checking for stdatomic.h
configure:15649: gcc -c -g -O2  conftest.c >&5
configure:15649: $? = 0
configure:15649: result: yes
configure:15658: checking for unistd.h
configure:15658: result: yes
configure:15667: checking for netdb.h
configure:15667: gcc -c -g -O2  conftest.c >&5
configure:15667: $? = 0
configure:15667: result: yes
configure:15676: checking for utime.h
configure:15676: gcc -c -g -O2  conftest.c >&5
configure:15676: $? = 0
configure:15676: result: yes
configure:15685: checking for net/if.h
configure:15685: gcc -c -g -O2  conftest.c >&5
configure:15685: $? = 0
configure:15685: result: yes
configure:15694: checking for sys/time.h
configure:15694: gcc -c -g -O2  conftest.c >&5
configure:15694: $? = 0
configure:15694: result: yes
configure:15703: checking for sys/ioctl.h
configure:15703: gcc -c -g -O2  conftest.c >&5
configure:15703: $? = 0
configure:15703: result: yes
configure:15712: checking for sys/vfs.h
configure:15712: gcc -c -g -O2  conftest.c >&5
configure:15712: $? = 0
configure:15712: result: yes
configure:15721: checking for sys/statvfs.h
configure:15721: gcc -c -g -O2  conftest.c >&5
configure:15721: $? = 0
configure:15721: result: yes
configure:15730: checking for fuse.h
configure:15730: gcc -c -g -O2  conftest.c >&5
In file included from /usr/include/fuse/fuse.h:26,
                 from /usr/include/fuse.h:9,
                 from conftest.c:66:
/usr/include/fuse/fuse_common.h:33:2: error: #error Please add -D_FILE_OFFSET_BITS=64 to your compile flags!
   33 | #error Please add -D_FILE_OFFSET_BITS=64 to your compile flags!
      |  ^~~~~
configure:15730: $? = 1
configure: failed program was:
| /* confdefs.h */
| #define PACKAGE_NAME "libnfs"
| #define PACKAGE_TARNAME "libnfs"
| #define PACKAGE_VERSION "16.2.0"
| #define PACKAGE_STRING "libnfs 16.2.0"
| #define PACKAGE_BUGREPORT "ronniesahlberg@gmail.com"
| #define PACKAGE_URL ""
| #define PACKAGE "libnfs"
| #define VERSION "16.2.0"
| #define HAVE_STDIO_H 1
| #define HAVE_STDLIB_H 1
| #define HAVE_STRING_H 1
| #define HAVE_INTTYPES_H 1
| #define HAVE_STDINT_H 1
| #define HAVE_STRINGS_H 1
| #define HAVE_SYS_STAT_H 1
| #define HAVE_SYS_TYPES_H 1
| #define HAVE_UNISTD_H 1
| #define STDC_HEADERS 1
| #define HAVE_DLFCN_H 1
| #define LT_OBJDIR ".libs/"
| #define HAVE_LIBKRB5 1
| #define HAVE_GSSAPI_GSSAPI_H 1
| #define HAVE_SO_BINDTODEVICE 1
| #define HAVE_GETPWNAM 1
| #define HAVE_SYS_SYSMACROS_H 1
| #define HAVE_POLL_H 1
| #define HAVE_STDATOMIC_H 1
| #define HAVE_UNISTD_H 1
| #define HAVE_NETDB_H 1
| #define HAVE_UTIME_H 1
| #define HAVE_NET_IF_H 1
| #define HAVE_SYS_TIME_H 1
| #define HAVE_SYS_IOCTL_H 1
| #define HAVE_SYS_VFS_H 1
| #define HAVE_SYS_STATVFS_H 1
| /* end confdefs.h.  */
| #include <stddef.h>
| #ifdef HAVE_STDIO_H
| # include <stdio.h>
| #endif
| #ifdef HAVE_STDLIB_H
| # include <stdlib.h>
| #endif
| #ifdef HAVE_STRING_H
| # include <string.h>
| #endif
| #ifdef HAVE_INTTYPES_H
| # include <inttypes.h>
| #endif
| #ifdef HAVE_STDINT_H
| # include <stdint.h>
| #endif
| #ifdef HAVE_STRINGS_H
| # include <strings.h>
| #endif
| #ifdef HAVE_SYS_TYPES_H
| # include <sys/types.h>
| #endif
| #ifdef HAVE_SYS_STAT_H
| # include <sys/stat.h>
| #endif
| #ifdef HAVE_UNISTD_H
| # include <unistd.h>
| #endif
| #include <fuse.h>
configure:15730: result: no
configure:15739: checking for sys/socket.h
configure:15739: gcc -c -g -O2  conftest.c >&5
configure:15739: $? = 0
configure:15739: result: yes
configure:15748: checking for netinet/tcp.h
configure:15748: gcc -c -g -O2  conftest.c >&5
configure:15748: $? = 0
configure:15748: result: yes
configure:15757: checking for netinet/in.h
configure:15757: gcc -c -g -O2  conftest.c >&5
configure:15757: $? = 0
configure:15757: result: yes
configure:15766: checking for arpa/inet.h
configure:15766: gcc -c -g -O2  conftest.c >&5
configure:15766: $? = 0
configure:15766: result: yes
configure:15775: checking for sys/uio.h
configure:15775: gcc -c -g -O2  conftest.c >&5
configure:15775: $? = 0
configure:15775: result: yes
configure:15784: checking for struct sockaddr.sa_len
configure:15784: gcc -c -g -O2  conftest.c >&5
conftest.c: In function 'main':
conftest.c:52:12: error: 'struct sockaddr' has no member named 'sa_len'
   52 | if (ac_aggr.sa_len)
      |            ^
configure:15784: $? = 1
configure: failed program was:
| /* confdefs.h */
| #define PACKAGE_NAME "libnfs"
| #define PACKAGE_TARNAME "libnfs"
| #define PACKAGE_VERSION "16.2.0"
| #define PACKAGE_STRING "libnfs 16.2.0"
| #define PACKAGE_BUGREPORT "ronniesahlberg@gmail.com"
| #define PACKAGE_URL ""
| #define PACKAGE "libnfs"
| #define VERSION "16.2.0"
| #define HAVE_STDIO_H 1
| #define HAVE_STDLIB_H 1
| #define HAVE_STRING_H 1
| #define HAVE_INTTYPES_H 1
| #define HAVE_STDINT_H 1
| #define HAVE_STRINGS_H 1
| #define HAVE_SYS_STAT_H 1
| #define HAVE_SYS_TYPES_H 1
| #define HAVE_UNISTD_H 1
| #define STDC_HEADERS 1
| #define HAVE_DLFCN_H 1
| #define LT_OBJDIR ".libs/"
| #define HAVE_LIBKRB5 1
| #define HAVE_GSSAPI_GSSAPI_H 1
| #define HAVE_SO_BINDTODEVICE 1
| #define HAVE_GETPWNAM 1
| #define HAVE_SYS_SYSMACROS_H 1
| #define HAVE_POLL_H 1
| #define HAVE_STDATOMIC_H 1
| #define HAVE_UNISTD_H 1
| #define HAVE_NETDB_H 1
| #define HAVE_UTIME_H 1
| #define HAVE_NET_IF_H 1
| #define HAVE_SYS_TIME_H 1
| #define HAVE_SYS_IOCTL_H 1
| #define HAVE_SYS_VFS_H 1
| #define HAVE_SYS_STATVFS_H 1
| #define HAVE_SYS_SOCKET_H 1
| #define HAVE_NETINET_TCP_H 1
| #define HAVE_NETINET_IN_H 1
| #define HAVE_ARPA_INET_H 1
| #define HAVE_SYS_UIO_H 1
| /* end confdefs.h.  */
| 
| #include <sys/types.h>
| #include <sys/socket.h>
| 
| 
| int
| main (void)
| {
| static struct sockaddr ac_aggr;
| if (ac_aggr.sa_len)
| return 0;
|   ;
|   return 0;
| }
configure:15784: gcc -c -g -O2  conftest.c >&5
conftest.c: In function 'main':
conftest.c:52:19: error: 'struct sockaddr' has no member named 'sa_len'
   52 | if (sizeof ac_aggr.sa_len)
      |                   ^
configure:15784: $? = 1
configure: failed program was:
| /* confdefs.h */
| #define PACKAGE_NAME "libnfs"
| #define PACKAGE_TARNAME "libnfs"
| #define PACKAGE_VERSION "16.2.0"
| #define PACKAGE_STRING "libnfs 16.2.0"
| #define PACKAGE_BUGREPORT "ronniesahlberg@gmail.com"
| #define PACKAGE_URL ""
| #define PACKAGE "libnfs"
| #define VERSION "16.2.0"
| #define HAVE_STDIO_H 1
| #define HAVE_STDLIB_H 1
| #define HAVE_STRING_H 1
| #define HAVE_INTTYPES_H 1
| #define HAVE_STDINT_H 1
| #define HAVE_STRINGS_H 1
| #define HAVE_SYS_STAT_H 1
| #define HAVE_SYS_TYPES_H 1
| #define HAVE_UNISTD_H 1
| #define STDC_HEADERS 1
| #define HAVE_DLFCN_H 1
| #define LT_OBJDIR ".libs/"
| #define HAVE_LIBKRB5 1
| #define HAVE_GSSAPI_GSSAPI_H 1
| #define HAVE_SO_BINDTODEVICE 1
| #define HAVE_GETPWNAM 1
| #define HAVE_SYS_SYSMACROS_H 1
| #define HAVE_POLL_H 1
| #define HAVE_STDATOMIC_H 1
| #define HAVE_UNISTD_H 1
| #define HAVE_NETDB_H 1
| #define HAVE_UTIME_H 1
| #define HAVE_NET_IF_H 1
| #define HAVE_SYS_TIME_H 1
| #define HAVE_SYS_IOCTL_H 1
| #define HAVE_SYS_VFS_H 1
| #define HAVE_SYS_STATVFS_H 1
| #define HAVE_SYS_SOCKET_H 1
| #define HAVE_NETINET_TCP_H 1
| #define HAVE_NETINET_IN_H 1
| #define HAVE_ARPA_INET_H 1
| #define HAVE_SYS_UIO_H 1
| /* end confdefs.h.  */
| 
| #include <sys/types.h>
| #include <sys/socket.h>
| 
| 
| int
| main (void)
| {
| static struct sockaddr ac_aggr;
| if (sizeof ac_aggr.sa_len)
| return 0;
|   ;
|   return 0;
| }
configure:15784: result: no
configure:15798: checking for struct sockaddr_storage.ss_family
configure:15798: gcc -c -g -O2  conftest.c >&5
configure:15798: $? = 0
configure:15798: result: yes
configure:15812: checking if clock_gettime(CLOCK_MONOTONIC_COARSE) is available
configure:15827: gcc -c -g -O2  conftest.c >&5
configure:15827: $? = 0
configure:15836: result: yes
configure:15851: checking for talloc and tevent support
configure:15872: gcc -c -g -O2  conftest.c >&5
conftest.c:46:10: fatal error: talloc.h: No such file or directory
   46 | #include <talloc.h>
      |          ^~~~~~~~~~
compilation terminated.
configure:15872: $? = 1
configure: failed program was:
| /* confdefs.h */
| #define PACKAGE_NAME "libnfs"
| #define PACKAGE_TARNAME "libnfs"
| #define PACKAGE_VERSION "16.2.0"
| #define PACKAGE_STRING "libnfs 16.2.0"
| #define PACKAGE_BUGREPORT "ronniesahlberg@gmail.com"
| #define PACKAGE_URL ""
| #define PACKAGE "libnfs"
| #define VERSION "16.2.0"
| #define HAVE_STDIO_H 1
| #define HAVE_STDLIB_H 1
| #define HAVE_STRING_H 1
| #define HAVE_INTTYPES_H 1
| #define HAVE_STDINT_H 1
| #define HAVE_STRINGS_H 1
| #define HAVE_SYS_STAT_H 1
| #define HAVE_SYS_TYPES_H 1
| #define HAVE_UNISTD_H 1
| #define STDC_HEADERS 1
| #define HAVE_DLFCN_H 1
| #define LT_OBJDIR ".libs/"
| #define HAVE_LIBKRB5 1
| #define HAVE_GSSAPI_GSSAPI_H 1
| #define HAVE_SO_BINDTODEVICE 1
| #define HAVE_GETPWNAM 1
| #define HAVE_SYS_SYSMACROS_H 1
| #define HAVE_POLL_H 1
| #define HAVE_STDATOMIC_H 1
| #define HAVE_UNISTD_H 1
| #define HAVE_NETDB_H 1
| #define HAVE_UTIME_H 1
| #define HAVE_NET_IF_H 1
| #define HAVE_SYS_TIME_H 1
| #define HAVE_SYS_IOCTL_H 1
| #define HAVE_SYS_VFS_H 1
| #define HAVE_SYS_STATVFS_H 1
| #define HAVE_SYS_SOCKET_H 1
| #define HAVE_NETINET_TCP_H 1
| #define HAVE_NETINET_IN_H 1
| #define HAVE_ARPA_INET_H 1
| #define HAVE_SYS_UIO_H 1
| #define HAVE_SOCKADDR_STORAGE 1
| #define HAVE_CLOCK_GETTIME 1
| /* end confdefs.h.  */
| 
| #include <talloc.h>
| #include <tevent.h>
| int
| main (void)
| {
| struct tevent_context *ctx = tevent_context_init(NULL);
|  int major = talloc_version_major();
|   ;
|   return 0;
| }
configure:15882: result: no
configure:15899: checking for linux tls support
configure:15919: gcc -c -g -O2  conftest.c >&5
conftest.c:46:10: fatal error: gnutls/gnutls.h: No such file or directory
   46 | #include <gnutls/gnutls.h>
      |          ^~~~~~~~~~~~~~~~~
compilation terminated.
configure:15919: $? = 1
configure: failed program was:
| /* confdefs.h */
| #define PACKAGE_NAME "libnfs"
| #define PACKAGE_TARNAME "libnfs"
| #define PACKAGE_VERSION "16.2.0"
| #define PACKAGE_STRING "libnfs 16.2.0"
| #define PACKAGE_BUGREPORT "ronniesahlberg@gmail.com"
| #define PACKAGE_URL ""
| #define PACKAGE "libnfs"
| #define VERSION "16.2.0"
| #define HAVE_STDIO_H 1
| #define HAVE_STDLIB_H 1
| #define HAVE_STRING_H 1
| #define HAVE_INTTYPES_H 1
| #define HAVE_STDINT_H 1
| #define HAVE_STRINGS_H 1
| #define HAVE_SYS_STAT_H 1
| #define HAVE_SYS_TYPES_H 1
| #define HAVE_UNISTD_H 1
| #define STDC_HEADERS 1
| #define HAVE_DLFCN_H 1
| #define LT_OBJDIR ".libs/"
| #define HAVE_LIBKRB5 1
| #define HAVE_GSSAPI_GSSAPI_H 1
| #define HAVE_SO_BINDTODEVICE 1
| #define HAVE_GETPWNAM 1
| #define HAVE_SYS_SYSMACROS_H 1
| #define HAVE_POLL_H 1
| #define HAVE_STDATOMIC_H 1
| #define HAVE_UNISTD_H 1
| #define HAVE_NETDB_H 1
| #define HAVE_UTIME_H 1
| #define HAVE_NET_IF_H 1
| #define HAVE_SYS_TIME_H 1
| #define HAVE_SYS_IOCTL_H 1
| #define HAVE_SYS_VFS_H 1
| #define HAVE_SYS_STATVFS_H 1
| #define HAVE_SYS_SOCKET_H 1
| #define HAVE_NETINET_TCP_H 1
| #define HAVE_NETINET_IN_H 1
| #define HAVE_ARPA_INET_H 1
| #define HAVE_SYS_UIO_H 1
| #define HAVE_SOCKADDR_STORAGE 1
| #define HAVE_CLOCK_GETTIME 1
| /* end confdefs.h.  */
| 
| #include <gnutls/gnutls.h>
| #include <linux/tls.h>
| int
| main (void)
| {
| const char *v = GNUTLS_VERSION;
|   ;
|   return 0;
| }
configure:15929: result: no
configure:15945: checking for struct stat.st_mtim.tv_nsec
configure:15945: gcc -c -g -O2  conftest.c >&5
configure:15945: $? = 0
configure:15945: result: yes
configure:15955: checking for dispatch/dispatch.h
configure:15955: gcc -c -g -O2  conftest.c >&5
conftest.c:74:10: fatal error: dispatch/dispatch.h: No such file or directory
   74 | #include <dispatch/dispatch.h>
      |          ^~~~~~~~~~~~~~~~~~~~~
compilation terminated.
configure:15955: $? = 1
configure: failed program was:
| /* confdefs.h */
| #define PACKAGE_NAME "libnfs"
| #define PACKAGE_TARNAME "libnfs"
| #define PACKAGE_VERSION "16.2.0"
| #define PACKAGE_STRING "libnfs 16.2.0"
| #define PACKAGE_BUGREPORT "ronniesahlberg@gmail.com"
| #define PACKAGE_URL ""
| #define PACKAGE "libnfs"
| #define VERSION "16.2.0"
| #define HAVE_STDIO_H 1
| #define HAVE_STDLIB_H 1
| #define HAVE_STRING_H 1
| #define HAVE_INTTYPES_H 1
| #define HAVE_STDINT_H 1
| #define HAVE_STRINGS_H 1
| #define HAVE_SYS_STAT_H 1
| #define HAVE_SYS_TYPES_H 1
| #define HAVE_UNISTD_H 1
| #define STDC_HEADERS 1
| #define HAVE_DLFCN_H 1
| #define LT_OBJDIR ".libs/"
| #define HAVE_LIBKRB5 1
| #define HAVE_GSSAPI_GSSAPI_H 1
| #define HAVE_SO_BINDTODEVICE 1
| #define HAVE_GETPWNAM 1
| #define HAVE_SYS_SYSMACROS_H 1
| #define HAVE_POLL_H 1
| #define HAVE_STDATOMIC_H 1
| #define HAVE_UNISTD_H 1
| #define HAVE_NETDB_H 1
| #define HAVE_UTIME_H 1
| #define HAVE_NET_IF_H 1
| #define HAVE_SYS_TIME_H 1
| #define HAVE_SYS_IOCTL_H 1
| #define HAVE_SYS_VFS_H 1
| #define HAVE_SYS_STATVFS_H 1
| #define HAVE_SYS_SOCKET_H 1
| #define HAVE_NETINET_TCP_H 1
| #define HAVE_NETINET_IN_H 1
| #define HAVE_ARPA_INET_H 1
| #define HAVE_SYS_UIO_H 1
| #define HAVE_SOCKADDR_STORAGE 1
| #define HAVE_CLOCK_GETTIME 1
| #define HAVE_STRUCT_STAT_ST_MTIM_TV_NSEC 1
| /* end confdefs.h.  */
| #include <stddef.h>
| #ifdef HAVE_STDIO_H
| # include <stdio.h>
| #endif
| #ifdef HAVE_STDLIB_H
| # include <stdlib.h>
| #endif
| #ifdef HAVE_STRING_H
| # include <string.h>
| #endif
| #ifdef HAVE_INTTYPES_H
| # include <inttypes.h>
| #endif
| #ifdef HAVE_STDINT_H
| # include <stdint.h>
| #endif
| #ifdef HAVE_STRINGS_H
| # include <strings.h>
| #endif
| #ifdef HAVE_SYS_TYPES_H
| # include <sys/types.h>
| #endif
| #ifdef HAVE_SYS_STAT_H
| # include <sys/stat.h>
| #endif
| #ifdef HAVE_UNISTD_H
| # include <unistd.h>
| #endif
| #include <dispatch/dispatch.h>
configure:15955: result: no
configure:15963: checking for pthread_threadid_np
configure:15963: gcc -o conftest -g -O2   conftest.c  >&5
/usr/bin/ld: /tmp/ccA7jXiC.o: in function `main':
/home/z0n/z0n/z0n/posts/Fries/libnfs/conftest.c:73:(.text.startup+0x5): undefined reference to `pthread_threadid_np'
collect2: error: ld returned 1 exit status
configure:15963: $? = 1
configure: failed program was:
| /* confdefs.h */
| #define PACKAGE_NAME "libnfs"
| #define PACKAGE_TARNAME "libnfs"
| #define PACKAGE_VERSION "16.2.0"
| #define PACKAGE_STRING "libnfs 16.2.0"
| #define PACKAGE_BUGREPORT "ronniesahlberg@gmail.com"
| #define PACKAGE_URL ""
| #define PACKAGE "libnfs"
| #define VERSION "16.2.0"
| #define HAVE_STDIO_H 1
| #define HAVE_STDLIB_H 1
| #define HAVE_STRING_H 1
| #define HAVE_INTTYPES_H 1
| #define HAVE_STDINT_H 1
| #define HAVE_STRINGS_H 1
| #define HAVE_SYS_STAT_H 1
| #define HAVE_SYS_TYPES_H 1
| #define HAVE_UNISTD_H 1
| #define STDC_HEADERS 1
| #define HAVE_DLFCN_H 1
| #define LT_OBJDIR ".libs/"
| #define HAVE_LIBKRB5 1
| #define HAVE_GSSAPI_GSSAPI_H 1
| #define HAVE_SO_BINDTODEVICE 1
| #define HAVE_GETPWNAM 1
| #define HAVE_SYS_SYSMACROS_H 1
| #define HAVE_POLL_H 1
| #define HAVE_STDATOMIC_H 1
| #define HAVE_UNISTD_H 1
| #define HAVE_NETDB_H 1
| #define HAVE_UTIME_H 1
| #define HAVE_NET_IF_H 1
| #define HAVE_SYS_TIME_H 1
| #define HAVE_SYS_IOCTL_H 1
| #define HAVE_SYS_VFS_H 1
| #define HAVE_SYS_STATVFS_H 1
| #define HAVE_SYS_SOCKET_H 1
| #define HAVE_NETINET_TCP_H 1
| #define HAVE_NETINET_IN_H 1
| #define HAVE_ARPA_INET_H 1
| #define HAVE_SYS_UIO_H 1
| #define HAVE_SOCKADDR_STORAGE 1
| #define HAVE_CLOCK_GETTIME 1
| #define HAVE_STRUCT_STAT_ST_MTIM_TV_NSEC 1
| /* end confdefs.h.  */
| /* Define pthread_threadid_np to an innocuous variant, in case <limits.h> declares pthread_threadid_np.
|    For example, HP-UX 11i <limits.h> declares gettimeofday.  */
| #define pthread_threadid_np innocuous_pthread_threadid_np
| 
| /* System header to define __stub macros and hopefully few prototypes,
|    which can conflict with char pthread_threadid_np (void); below.  */
| 
| #include <limits.h>
| #undef pthread_threadid_np
| 
| /* Override any GCC internal prototype to avoid an error.
|    Use char because int might match the return type of a GCC
|    builtin and then its argument prototype would still apply.  */
| #ifdef __cplusplus
| extern "C"
| #endif
| char pthread_threadid_np (void);
| /* The GNU C library defines this for functions which it implements
|     to always fail with ENOSYS.  Some functions are actually named
|     something starting with __ and the normal name is an alias.  */
| #if defined __stub_pthread_threadid_np || defined __stub___pthread_threadid_np
| choke me
| #endif
| 
| int
| main (void)
| {
| return pthread_threadid_np ();
|   ;
|   return 0;
| }
configure:15963: result: no
configure:15973: checking for sys/mkdev.h
configure:15973: gcc -c -g -O2  conftest.c >&5
conftest.c:74:10: fatal error: sys/mkdev.h: No such file or directory
   74 | #include <sys/mkdev.h>
      |          ^~~~~~~~~~~~~
compilation terminated.
configure:15973: $? = 1
configure: failed program was:
| /* confdefs.h */
| #define PACKAGE_NAME "libnfs"
| #define PACKAGE_TARNAME "libnfs"
| #define PACKAGE_VERSION "16.2.0"
| #define PACKAGE_STRING "libnfs 16.2.0"
| #define PACKAGE_BUGREPORT "ronniesahlberg@gmail.com"
| #define PACKAGE_URL ""
| #define PACKAGE "libnfs"
| #define VERSION "16.2.0"
| #define HAVE_STDIO_H 1
| #define HAVE_STDLIB_H 1
| #define HAVE_STRING_H 1
| #define HAVE_INTTYPES_H 1
| #define HAVE_STDINT_H 1
| #define HAVE_STRINGS_H 1
| #define HAVE_SYS_STAT_H 1
| #define HAVE_SYS_TYPES_H 1
| #define HAVE_UNISTD_H 1
| #define STDC_HEADERS 1
| #define HAVE_DLFCN_H 1
| #define LT_OBJDIR ".libs/"
| #define HAVE_LIBKRB5 1
| #define HAVE_GSSAPI_GSSAPI_H 1
| #define HAVE_SO_BINDTODEVICE 1
| #define HAVE_GETPWNAM 1
| #define HAVE_SYS_SYSMACROS_H 1
| #define HAVE_POLL_H 1
| #define HAVE_STDATOMIC_H 1
| #define HAVE_UNISTD_H 1
| #define HAVE_NETDB_H 1
| #define HAVE_UTIME_H 1
| #define HAVE_NET_IF_H 1
| #define HAVE_SYS_TIME_H 1
| #define HAVE_SYS_IOCTL_H 1
| #define HAVE_SYS_VFS_H 1
| #define HAVE_SYS_STATVFS_H 1
| #define HAVE_SYS_SOCKET_H 1
| #define HAVE_NETINET_TCP_H 1
| #define HAVE_NETINET_IN_H 1
| #define HAVE_ARPA_INET_H 1
| #define HAVE_SYS_UIO_H 1
| #define HAVE_SOCKADDR_STORAGE 1
| #define HAVE_CLOCK_GETTIME 1
| #define HAVE_STRUCT_STAT_ST_MTIM_TV_NSEC 1
| /* end confdefs.h.  */
| #include <stddef.h>
| #ifdef HAVE_STDIO_H
| # include <stdio.h>
| #endif
| #ifdef HAVE_STDLIB_H
| # include <stdlib.h>
| #endif
| #ifdef HAVE_STRING_H
| # include <string.h>
| #endif
| #ifdef HAVE_INTTYPES_H
| # include <inttypes.h>
| #endif
| #ifdef HAVE_STDINT_H
| # include <stdint.h>
| #endif
| #ifdef HAVE_STRINGS_H
| # include <strings.h>
| #endif
| #ifdef HAVE_SYS_TYPES_H
| # include <sys/types.h>
| #endif
| #ifdef HAVE_SYS_STAT_H
| # include <sys/stat.h>
| #endif
| #ifdef HAVE_UNISTD_H
| # include <unistd.h>
| #endif
| #include <sys/mkdev.h>
configure:15973: result: no
configure:15982: checking for sys/sysmacros.h
configure:15982: result: yes
configure:16108: checking that generated files are newer than configure
configure:16114: result: done
configure:16175: creating ./config.status

## ---------------------- ##
## Running config.status. ##
## ---------------------- ##

This file was extended by libnfs config.status 16.2.0, which was
generated by GNU Autoconf 2.72.  Invocation command line was

  CONFIG_FILES    = 
  CONFIG_HEADERS  = 
  CONFIG_LINKS    = 
  CONFIG_COMMANDS = 
  $ ./config.status 

on 0x0z0n

config.status:1147: creating Makefile
config.status:1147: creating doc/Makefile
config.status:1147: creating examples/Makefile
config.status:1147: creating servers/Makefile
config.status:1147: creating servers/rpcbind/Makefile
config.status:1147: creating servers/statd/Makefile
config.status:1147: creating servers/nfsd/Makefile
config.status:1147: creating include/Makefile
config.status:1147: creating lib/Makefile
config.status:1147: creating mount/Makefile
config.status:1147: creating nfs/Makefile
config.status:1147: creating nfs4/Makefile
config.status:1147: creating nlm/Makefile
config.status:1147: creating nsm/Makefile
config.status:1147: creating portmap/Makefile
config.status:1147: creating rquota/Makefile
config.status:1147: creating tests/Makefile
config.status:1147: creating utils/Makefile
config.status:1147: creating tls/Makefile
config.status:1147: creating libnfs.pc
config.status:1147: creating config.h
config.status:1328: config.h is unchanged
config.status:1376: executing depfiles commands
config.status:1451: cd examples       && sed -e '/# am--include-marker/d' Makefile         | make -f - am--depfiles
make: Nothing to be done for 'am--depfiles'.
config.status:1458: $? = 0
config.status:1451: cd servers/rpcbind       && sed -e '/# am--include-marker/d' Makefile         | make -f - am--depfiles
make: Nothing to be done for 'am--depfiles'.
config.status:1458: $? = 0
config.status:1451: cd servers/statd       && sed -e '/# am--include-marker/d' Makefile         | make -f - am--depfiles
make: Nothing to be done for 'am--depfiles'.
config.status:1458: $? = 0
config.status:1451: cd servers/nfsd       && sed -e '/# am--include-marker/d' Makefile         | make -f - am--depfiles
make: Nothing to be done for 'am--depfiles'.
config.status:1458: $? = 0
config.status:1451: cd lib       && sed -e '/# am--include-marker/d' Makefile         | make -f - am--depfiles
make: Nothing to be done for 'am--depfiles'.
config.status:1458: $? = 0
config.status:1451: cd mount       && sed -e '/# am--include-marker/d' Makefile         | make -f - am--depfiles
make: Nothing to be done for 'am--depfiles'.
config.status:1458: $? = 0
config.status:1451: cd nfs       && sed -e '/# am--include-marker/d' Makefile         | make -f - am--depfiles
make: Nothing to be done for 'am--depfiles'.
config.status:1458: $? = 0
config.status:1451: cd nfs4       && sed -e '/# am--include-marker/d' Makefile         | make -f - am--depfiles
make: Nothing to be done for 'am--depfiles'.
config.status:1458: $? = 0
config.status:1451: cd nlm       && sed -e '/# am--include-marker/d' Makefile         | make -f - am--depfiles
make: Nothing to be done for 'am--depfiles'.
config.status:1458: $? = 0
config.status:1451: cd nsm       && sed -e '/# am--include-marker/d' Makefile         | make -f - am--depfiles
make: Nothing to be done for 'am--depfiles'.
config.status:1458: $? = 0
config.status:1451: cd portmap       && sed -e '/# am--include-marker/d' Makefile         | make -f - am--depfiles
make: Nothing to be done for 'am--depfiles'.
config.status:1458: $? = 0
config.status:1451: cd rquota       && sed -e '/# am--include-marker/d' Makefile         | make -f - am--depfiles
make: Nothing to be done for 'am--depfiles'.
config.status:1458: $? = 0
config.status:1451: cd tests       && sed -e '/# am--include-marker/d' Makefile         | make -f - am--depfiles
make: Nothing to be done for 'am--depfiles'.
config.status:1458: $? = 0
config.status:1451: cd utils       && sed -e '/# am--include-marker/d' Makefile         | make -f - am--depfiles
make: Nothing to be done for 'am--depfiles'.
config.status:1458: $? = 0
config.status:1451: cd tls       && sed -e '/# am--include-marker/d' Makefile         | make -f - am--depfiles
make: Nothing to be done for 'am--depfiles'.
config.status:1458: $? = 0
config.status:1376: executing libtool commands
configure:18342: WARNING: unrecognized options: --disable-gssapi, --disable-nfsv4

## ---------------- ##
## Cache variables. ##
## ---------------- ##

ac_cv_build=x86_64-pc-linux-gnu
ac_cv_c_compiler_gnu=yes
ac_cv_env_CC_set=
ac_cv_env_CC_value=
ac_cv_env_CFLAGS_set=
ac_cv_env_CFLAGS_value=
ac_cv_env_CPPFLAGS_set=
ac_cv_env_CPPFLAGS_value=
ac_cv_env_LDFLAGS_set=
ac_cv_env_LDFLAGS_value=
ac_cv_env_LIBS_set=
ac_cv_env_LIBS_value=
ac_cv_env_LT_SYS_LIBRARY_PATH_set=
ac_cv_env_LT_SYS_LIBRARY_PATH_value=
ac_cv_env_PKG_CONFIG_LIBDIR_set=
ac_cv_env_PKG_CONFIG_LIBDIR_value=
ac_cv_env_PKG_CONFIG_PATH_set=
ac_cv_env_PKG_CONFIG_PATH_value=
ac_cv_env_PKG_CONFIG_set=
ac_cv_env_PKG_CONFIG_value=
ac_cv_env_build_alias_set=
ac_cv_env_build_alias_value=
ac_cv_env_host_alias_set=
ac_cv_env_host_alias_value=
ac_cv_env_target_alias_set=
ac_cv_env_target_alias_value=
ac_cv_func_pthread_threadid_np=no
ac_cv_have_clock_gettime=yes
ac_cv_have_getpwnam=yes
ac_cv_have_so_bindtodevice=yes
ac_cv_header_arpa_inet_h=yes
ac_cv_header_dispatch_dispatch_h=no
ac_cv_header_dlfcn_h=yes
ac_cv_header_fuse_h=no
ac_cv_header_gssapi_gssapi_h=yes
ac_cv_header_inttypes_h=yes
ac_cv_header_net_if_h=yes
ac_cv_header_netdb_h=yes
ac_cv_header_netinet_in_h=yes
ac_cv_header_netinet_tcp_h=yes
ac_cv_header_poll_h=yes
ac_cv_header_stdatomic_h=yes
ac_cv_header_stdint_h=yes
ac_cv_header_stdio_h=yes
ac_cv_header_stdlib_h=yes
ac_cv_header_string_h=yes
ac_cv_header_strings_h=yes
ac_cv_header_sys_ioctl_h=yes
ac_cv_header_sys_mkdev_h=no
ac_cv_header_sys_socket_h=yes
ac_cv_header_sys_stat_h=yes
ac_cv_header_sys_statvfs_h=yes
ac_cv_header_sys_sysmacros_h=yes
ac_cv_header_sys_time_h=yes
ac_cv_header_sys_types_h=yes
ac_cv_header_sys_uio_h=yes
ac_cv_header_sys_vfs_h=yes
ac_cv_header_unistd_h=yes
ac_cv_header_utime_h=yes
ac_cv_host=x86_64-pc-linux-gnu
ac_cv_member_struct_sockaddr_sa_len=no
ac_cv_member_struct_sockaddr_storage_ss_family=yes
ac_cv_member_struct_stat_st_mtim_tv_nsec=yes
ac_cv_objext=o
ac_cv_path_EGREP='/usr/bin/grep -E'
ac_cv_path_EGREP_TRADITIONAL='/usr/bin/grep -E'
ac_cv_path_FGREP='/usr/bin/grep -F'
ac_cv_path_GREP=/usr/bin/grep
ac_cv_path_SED=/usr/bin/sed
ac_cv_path_ac_pt_PKG_CONFIG=/usr/bin/pkg-config
ac_cv_path_install='/usr/bin/install -c'
ac_cv_path_lt_DD=/usr/bin/dd
ac_cv_path_mkdir=/usr/bin/mkdir
ac_cv_prog_AWK=gawk
ac_cv_prog_FILECMD=file
ac_cv_prog_ac_ct_AR=ar
ac_cv_prog_ac_ct_CC=gcc
ac_cv_prog_ac_ct_MANIFEST_TOOL=mt
ac_cv_prog_ac_ct_OBJDUMP=objdump
ac_cv_prog_ac_ct_RANLIB=ranlib
ac_cv_prog_ac_ct_STRIP=strip
ac_cv_prog_cc_c11=
ac_cv_prog_cc_g=yes
ac_cv_prog_cc_stdc=
ac_cv_prog_make_make_set=yes
ac_cv_sys_largefile_opts='none needed'
am_cv_CC_dependencies_compiler_type=gcc3
am_cv_ar_interface=ar
am_cv_filesystem_timestamp_resolution=0.01
am_cv_make_support_nested_variables=yes
am_cv_prog_cc_c_o=yes
am_cv_prog_tar_ustar=gnutar
am_cv_sleep_fractional_seconds=yes
am_cv_xargs_n_works=yes
libnfs_cv_HAVE_TALLOC_TEVENT=no
libnfs_cv_HAVE_TLS=no
lt_cv_ar_at_file=@
lt_cv_archive_cmds_need_lc=no
lt_cv_deplibs_check_method=pass_all
lt_cv_file_magic_cmd='$MAGIC_CMD'
lt_cv_file_magic_test_file=
lt_cv_ld_reload_flag=-r
lt_cv_nm_interface='BSD nm'
lt_cv_objdir=.libs
lt_cv_path_LD=/usr/bin/x86_64-linux-gnu-ld
lt_cv_path_NM='/usr/bin/nm -B'
lt_cv_path_manifest_tool=no
lt_cv_prog_compiler_c_o=yes
lt_cv_prog_compiler_pic='-fPIC -DPIC'
lt_cv_prog_compiler_pic_works=yes
lt_cv_prog_compiler_rtti_exceptions=no
lt_cv_prog_compiler_static_works=yes
lt_cv_prog_gnu_ld=yes
lt_cv_sharedlib_from_linklib_cmd='printf %s\n'
lt_cv_shlibpath_overrides_runpath=yes
lt_cv_sys_global_symbol_pipe='/usr/bin/sed -n -e '\''s/^.*[	 ]\([ABCDGIRSTW][ABCDGIRSTW]*\)[	 ][	 ]*\([_A-Za-z][_A-Za-z0-9]*\)$/\1 \2 \2/p'\'' | /usr/bin/sed '\''/ __gnu_lto/d'\'''
lt_cv_sys_global_symbol_to_c_name_address='/usr/bin/sed -n -e '\''s/^: \(.*\) .*$/  {"\1", (void *) 0},/p'\'' -e '\''s/^[ABCDGIRSTW][ABCDGIRSTW]* .* \(.*\)$/  {"\1", (void *) \&\1},/p'\'''
lt_cv_sys_global_symbol_to_c_name_address_lib_prefix='/usr/bin/sed -n -e '\''s/^: \(.*\) .*$/  {"\1", (void *) 0},/p'\'' -e '\''s/^[ABCDGIRSTW][ABCDGIRSTW]* .* \(lib.*\)$/  {"\1", (void *) \&\1},/p'\'' -e '\''s/^[ABCDGIRSTW][ABCDGIRSTW]* .* \(.*\)$/  {"lib\1", (void *) \&\1},/p'\'''
lt_cv_sys_global_symbol_to_cdecl='/usr/bin/sed -n -e '\''s/^T .* \(.*\)$/extern int \1();/p'\'' -e '\''s/^[ABCDGIRSTW][ABCDGIRSTW]* .* \(.*\)$/extern char \1;/p'\'''
lt_cv_sys_global_symbol_to_import=
lt_cv_sys_max_cmd_len=1572864
lt_cv_to_host_file_cmd=func_convert_file_noop
lt_cv_to_tool_file_cmd=func_convert_file_noop
lt_cv_truncate_bin='/usr/bin/dd bs=4096 count=1'

## ----------------- ##
## Output variables. ##
## ----------------- ##

ACLOCAL='${SHELL} '\''/home/z0n/z0n/z0n/posts/Fries/libnfs/missing'\'' aclocal-1.18'
AMDEPBACKSLASH='\'
AMDEP_FALSE='#'
AMDEP_TRUE=''
AMTAR='$${TAR-tar}'
AM_BACKSLASH='\'
AM_DEFAULT_V='$(AM_DEFAULT_VERBOSITY)'
AM_DEFAULT_VERBOSITY='1'
AM_V='$(V)'
AR='ar'
AUTOCONF='${SHELL} '\''/home/z0n/z0n/z0n/posts/Fries/libnfs/missing'\'' autoconf'
AUTOHEADER='${SHELL} '\''/home/z0n/z0n/z0n/posts/Fries/libnfs/missing'\'' autoheader'
AUTOMAKE='${SHELL} '\''/home/z0n/z0n/z0n/posts/Fries/libnfs/missing'\'' automake-1.18'
AWK='gawk'
CC='gcc'
CCDEPMODE='depmode=gcc3'
CFLAGS='-g -O2'
CPPFLAGS=''
CSCOPE='cscope'
CTAGS='ctags'
CYGPATH_W='echo'
DEFS='-DHAVE_CONFIG_H'
DEPDIR='.deps'
DLLTOOL='false'
DSYMUTIL=''
DUMPBIN=''
ECHO_C=''
ECHO_N='-n'
ECHO_T=''
EGREP='/usr/bin/grep -E'
ETAGS='etags'
EXEEXT=''
FGREP='/usr/bin/grep -F'
FILECMD='file'
GREP='/usr/bin/grep'
HAVE_PTHREAD_FALSE=''
HAVE_PTHREAD_TRUE='#'
HAVE_TALLOC_TEVENT_FALSE=''
HAVE_TALLOC_TEVENT_TRUE='#'
HAVE_TLS_FALSE=''
HAVE_TLS_TRUE='#'
HAVE_WIN32_FALSE=''
HAVE_WIN32_TRUE='#'
INSTALL_DATA='${INSTALL} -m 644'
INSTALL_PROGRAM='${INSTALL}'
INSTALL_SCRIPT='${INSTALL}'
INSTALL_STRIP_PROGRAM='$(install_sh) -c -s'
LD='/usr/bin/x86_64-linux-gnu-ld -m elf_x86_64'
LDFLAGS=''
LIBOBJS=''
LIBS=''
LIBSOCKET=''
LIBTOOL='$(SHELL) $(top_builddir)/libtool'
LIPO=''
LN_S='ln -s'
LTLIBOBJS=''
LT_SYS_LIBRARY_PATH=''
MAKEINFO='${SHELL} '\''/home/z0n/z0n/z0n/posts/Fries/libnfs/missing'\'' makeinfo'
MANIFEST_TOOL=':'
MAYBE_EXAMPLES=''
MAYBE_LIBKRB5='-lgssapi_krb5'
MAYBE_SERVERS=''
MAYBE_UTILS=''
MKDIR_P='/usr/bin/mkdir -p'
NM='/usr/bin/nm -B'
NMEDIT=''
OBJDUMP='objdump'
OBJEXT='o'
OTOOL64=''
OTOOL=''
PACKAGE='libnfs'
PACKAGE_BUGREPORT='ronniesahlberg@gmail.com'
PACKAGE_NAME='libnfs'
PACKAGE_STRING='libnfs 16.2.0'
PACKAGE_TARNAME='libnfs'
PACKAGE_URL=''
PACKAGE_VERSION='16.2.0'
PATH_SEPARATOR=':'
PKG_CONFIG='/usr/bin/pkg-config'
PKG_CONFIG_LIBDIR=''
PKG_CONFIG_PATH=''
RANLIB='ranlib'
SED='/usr/bin/sed'
SET_MAKE=''
SHELL='/bin/bash'
STRIP='strip'
VERSION='16.2.0'
WARN_CFLAGS='-Wall -Wshadow -Wno-write-strings -Wstrict-prototypes -Wpointer-arith -Wcast-align -Wno-strict-aliasing -Werror'
ac_ct_AR='ar'
ac_ct_CC='gcc'
ac_ct_DUMPBIN=''
am__EXEEXT_FALSE=''
am__EXEEXT_TRUE='#'
am__fastdepCC_FALSE='#'
am__fastdepCC_TRUE=''
am__include='include'
am__isrc=''
am__leading_dot='.'
am__nodep='_no'
am__quote=''
am__rm_f_notfound=''
am__tar='tar --format=ustar -chf - "$$tardir"'
am__untar='tar -xf -'
am__xargs_n='xargs -n'
bindir='${exec_prefix}/bin'
build='x86_64-pc-linux-gnu'
build_alias=''
build_cpu='x86_64'
build_os='linux-gnu'
build_vendor='pc'
datadir='${datarootdir}'
datarootdir='${prefix}/share'
docdir='${datarootdir}/doc/${PACKAGE_TARNAME}'
dvidir='${docdir}'
exec_prefix='${prefix}'
host='x86_64-pc-linux-gnu'
host_alias=''
host_cpu='x86_64'
host_os='linux-gnu'
host_vendor='pc'
htmldir='${docdir}'
includedir='${prefix}/include'
infodir='${datarootdir}/info'
install_sh='${SHELL} /home/z0n/z0n/z0n/posts/Fries/libnfs/install-sh'
libdir='${exec_prefix}/lib'
libexecdir='${exec_prefix}/libexec'
localedir='${datarootdir}/locale'
localstatedir='${prefix}/var'
mandir='${datarootdir}/man'
mkdir_p='$(MKDIR_P)'
oldincludedir='/usr/include'
pdfdir='${docdir}'
prefix='/usr/local'
program_transform_name='s,x,x,'
psdir='${docdir}'
runstatedir='${localstatedir}/run'
sbindir='${exec_prefix}/sbin'
sharedstatedir='${prefix}/com'
sysconfdir='${prefix}/etc'
target_alias=''

## ----------- ##
## confdefs.h. ##
## ----------- ##

/* confdefs.h */
#define PACKAGE_NAME "libnfs"
#define PACKAGE_TARNAME "libnfs"
#define PACKAGE_VERSION "16.2.0"
#define PACKAGE_STRING "libnfs 16.2.0"
#define PACKAGE_BUGREPORT "ronniesahlberg@gmail.com"
#define PACKAGE_URL ""
#define PACKAGE "libnfs"
#define VERSION "16.2.0"
#define HAVE_STDIO_H 1
#define HAVE_STDLIB_H 1
#define HAVE_STRING_H 1
#define HAVE_INTTYPES_H 1
#define HAVE_STDINT_H 1
#define HAVE_STRINGS_H 1
#define HAVE_SYS_STAT_H 1
#define HAVE_SYS_TYPES_H 1
#define HAVE_UNISTD_H 1
#define STDC_HEADERS 1
#define HAVE_DLFCN_H 1
#define LT_OBJDIR ".libs/"
#define HAVE_LIBKRB5 1
#define HAVE_GSSAPI_GSSAPI_H 1
#define HAVE_SO_BINDTODEVICE 1
#define HAVE_GETPWNAM 1
#define HAVE_SYS_SYSMACROS_H 1
#define HAVE_POLL_H 1
#define HAVE_STDATOMIC_H 1
#define HAVE_UNISTD_H 1
#define HAVE_NETDB_H 1
#define HAVE_UTIME_H 1
#define HAVE_NET_IF_H 1
#define HAVE_SYS_TIME_H 1
#define HAVE_SYS_IOCTL_H 1
#define HAVE_SYS_VFS_H 1
#define HAVE_SYS_STATVFS_H 1
#define HAVE_SYS_SOCKET_H 1
#define HAVE_NETINET_TCP_H 1
#define HAVE_NETINET_IN_H 1
#define HAVE_ARPA_INET_H 1
#define HAVE_SYS_UIO_H 1
#define HAVE_SOCKADDR_STORAGE 1
#define HAVE_CLOCK_GETTIME 1
#define HAVE_STRUCT_STAT_ST_MTIM_TV_NSEC 1
#define MAJOR_IN_SYSMACROS 1

configure: exit 0
