[2026-06-23T14:01:31.247Z] [ message] [vmsvc] [709] VMware Tools Version: 13.0.0.0 (build-24696409)
[2026-06-23T14:01:31.247Z] [ message] [vmsvc] [709] Guest OS details: architecture='X86' bitness='64' distroAddlVersion='24.04.4 LTS (Noble Numbat)' distroName='Ubuntu' distroVersion='24.04' familyName='Linux' kernelVersion='6.8.0-117-generic' prettyName='Ubuntu 24.04.4 LTS'
[2026-06-23T14:01:31.247Z] [ message] [vmsvc] [709] Log caching is enabled with maxCacheEntries=4096.
[2026-06-23T14:01:31.247Z] [ message] [vmsvc] [709] Core dump limit set to -1
[2026-06-23T14:01:31.248Z] [ warning] [vmsvc] [709] SOCKET failed to create socket, error 97: Address family not supported by protocol
[2026-06-23T14:01:31.251Z] [ warning] [vmsvc] [709] SimpleSock: Couldn't get VMCI socket family info.
[2026-06-23T14:01:31.471Z] [ message] [vmtoolsd] [709] Plugin 'hgfsServer' initialized.
[2026-06-23T14:01:31.471Z] [ message] [vix] [709] QueryVGAuthConfig: vgauth usage is: 1
[2026-06-23T14:01:31.471Z] [ message] [vmtoolsd] [709] Plugin 'vix' initialized.
[2026-06-23T14:01:31.471Z] [ message] [vmtoolsd] [709] Plugin 'appInfo' initialized.
[2026-06-23T14:01:31.471Z] [ message] [vmtoolsd] [709] Plugin 'componentMgr' initialized.
[2026-06-23T14:01:31.471Z] [ message] [vmtoolsd] [709] Plugin 'deployPkg' initialized.
[2026-06-23T14:01:31.471Z] [ message] [vmtoolsd] [709] Plugin 'gdp' initialized.
[2026-06-23T14:01:31.472Z] [ message] [vmtoolsd] [709] Plugin 'guestInfo' initialized.
[2026-06-23T14:01:31.472Z] [ message] [vmtoolsd] [709] Plugin 'guestStore' initialized.
[2026-06-23T14:01:31.472Z] [ message] [vmtoolsd] [709] Plugin 'powerops' initialized.
[2026-06-23T14:01:31.472Z] [ message] [resolutionCommon] [709] resolutionCheckForKMS: dlopen succeeded.
[2026-06-23T14:01:33.163Z] [ warning] [resolutionCommon] [709] resolutionCheckForKMS: No system support for resolutionKMS.
[2026-06-23T14:01:33.163Z] [ message] [vmtoolsd] [709] Plugin 'timeSync' initialized.
[2026-06-23T14:01:33.163Z] [ message] [vmtoolsd] [709] Plugin 'vmbackup' initialized.
[2026-06-23T14:01:35.122Z] [ message] [vix] [709] VixTools_ProcessVixCommand: command 62
[2026-06-23T14:01:35.504Z] [ message] [vmsvc] [709] Executing script for state change 'OS_PowerOn'.
[2026-06-23T14:01:35.504Z] [ message] [powerops] [709] Executing script: '/etc/vmware-tools/poweron-vm-default'
[2026-06-23T14:01:39.850Z] [ message] [vmsvc] [709] Script exit code: 0, success = 1
[2026-06-23T14:01:53.187Z] [ message] [vix] [709] VixTools_ProcessVixCommand: command 185
[2026-06-23T14:01:53.187Z] [ message] [VCGA] [709] Pref_Init: Using '/etc/vmware-tools/vgauth.conf' as preferences filepath
[2026-06-23T14:01:53.188Z] [ message] [VCGA] [709] VGAuth 'build-24696409' initialized for application 'vmtoolsd'.  Context created at 0x5a40c67fa660
[2026-06-23T14:01:53.189Z] [ message] [VCGA] [709] PAM up and running.
[2026-06-23T14:01:53.298Z] [ message] [vix] [709] VixTools_StartProgram: opcode 185 returning 0
[2026-06-23T14:01:53.553Z] [ message] [vix] [709] VixTools_ProcessVixCommand: command 186
[2026-06-23T14:01:53.636Z] [ message] [vix] [709] VixToolsListProcessesEx: opcode 186 returning 0
[2026-06-23T14:01:55.793Z] [ message] [vix] [709] VixTools_ProcessVixCommand: command 186
[2026-06-23T14:01:55.877Z] [ message] [vix] [709] VixToolsListProcessesEx: opcode 186 returning 0
[2026-06-23T14:01:56.129Z] [ message] [vix] [709] VixTools_ProcessVixCommand: command 188
[2026-06-23T14:01:56.213Z] [ message] [vix] [709] VixToolsInitiateFileTransferFromGuest: opcode 188 returning 0
[2026-06-23T14:01:56.765Z] [ message] [vix] [709] VixTools_ProcessVixCommand: command 84
[2026-06-23T14:01:56.859Z] [ message] [vix] [709] VixTools_ProcessVixCommand: command 84
[2026-06-23T14:01:56.954Z] [ message] [vix] [709] VixTools_ProcessVixCommand: command 84
[2026-06-23T14:01:57.046Z] [ message] [vix] [709] VixTools_ProcessVixCommand: command 84
[2026-06-23T14:01:57.139Z] [ message] [vix] [709] VixTools_ProcessVixCommand: command 84
[2026-06-23T14:01:57.240Z] [ message] [vix] [709] VixTools_ProcessVixCommand: command 84
[2026-06-23T14:01:57.332Z] [ message] [vix] [709] VixTools_ProcessVixCommand: command 194
[2026-06-23T14:01:57.422Z] [ message] [vix] [709] VixToolsDeleteObject: opcode 194 returning 0
[2026-06-23T14:02:04.781Z] [ message] [vix] [709] VixTools_ProcessVixCommand: command 189
[2026-06-23T14:02:04.879Z] [ message] [vix] [709] VixToolsInitiateFileTransferToGuest: opcode 189 returning 0
[2026-06-23T14:02:05.213Z] [ message] [vix] [709] VixTools_ProcessVixCommand: command 84
[2026-06-23T14:02:05.314Z] [ message] [vix] [709] VixTools_ProcessVixCommand: command 84
[2026-06-23T14:02:05.408Z] [ message] [vix] [709] VixTools_ProcessVixCommand: command 84
[2026-06-23T14:02:05.499Z] [ message] [vix] [709] VixTools_ProcessVixCommand: command 84
[2026-06-23T14:02:05.592Z] [ message] [vix] [709] VixTools_ProcessVixCommand: command 84
[2026-06-23T14:02:05.685Z] [ message] [vix] [709] VixTools_ProcessVixCommand: command 84
[2026-06-23T14:02:06.118Z] [ message] [vix] [709] VixTools_ProcessVixCommand: command 185
[2026-06-23T14:02:06.208Z] [ message] [vix] [709] VixTools_StartProgram: opcode 185 returning 0
[2026-06-23T14:02:06.361Z] [ message] [vix] [709] VixTools_ProcessVixCommand: command 186
[2026-06-23T14:02:06.447Z] [ message] [vix] [709] VixToolsListProcessesEx: opcode 186 returning 0
[2026-06-23T14:02:07.607Z] [ message] [vix] [709] VixTools_ProcessVixCommand: command 186
[2026-06-23T14:02:07.690Z] [ message] [vix] [709] VixToolsListProcessesEx: opcode 186 returning 0
[2026-06-23T14:02:08.141Z] [ message] [vix] [709] VixTools_ProcessVixCommand: command 185
[2026-06-23T14:02:08.229Z] [ message] [vix] [709] VixTools_StartProgram: opcode 185 returning 0
[2026-06-23T14:02:08.380Z] [ message] [vix] [709] VixTools_ProcessVixCommand: command 186
[2026-06-23T14:02:08.463Z] [ message] [vix] [709] VixToolsListProcessesEx: opcode 186 returning 0
[2026-06-23T14:02:09.710Z] [ message] [vix] [709] VixTools_ProcessVixCommand: command 186
[2026-06-23T14:02:09.792Z] [ message] [vix] [709] VixToolsListProcessesEx: opcode 186 returning 0
[2026-06-23T14:02:10.044Z] [ message] [vix] [709] VixTools_ProcessVixCommand: command 185
[2026-06-23T14:02:10.135Z] [ message] [vix] [709] VixTools_StartProgram: opcode 185 returning 0
[2026-06-23T14:02:10.283Z] [ message] [vix] [709] VixTools_ProcessVixCommand: command 186
[2026-06-23T14:02:10.615Z] [ message] [vix] [709] VixToolsListProcessesEx: opcode 186 returning 0
[2026-06-23T14:02:12.777Z] [ message] [vix] [709] VixTools_ProcessVixCommand: command 186
[2026-06-23T14:02:12.864Z] [ message] [vix] [709] VixToolsListProcessesEx: opcode 186 returning 0
[2026-06-23T14:02:15.019Z] [ message] [vix] [709] VixTools_ProcessVixCommand: command 186
[2026-06-23T14:02:15.108Z] [ message] [vix] [709] VixToolsListProcessesEx: opcode 186 returning 0
[2026-06-23T14:02:17.259Z] [ message] [vix] [709] VixTools_ProcessVixCommand: command 186
[2026-06-23T14:02:17.347Z] [ message] [vix] [709] VixToolsListProcessesEx: opcode 186 returning 0
[2026-06-23T14:02:19.448Z] [ message] [vix] [709] VixTools_ProcessVixCommand: command 186
[2026-06-23T14:02:19.544Z] [ message] [vix] [709] VixToolsListProcessesEx: opcode 186 returning 0
[2026-06-23T14:02:21.704Z] [ message] [vix] [709] VixTools_ProcessVixCommand: command 186
[2026-06-23T14:02:21.933Z] [ message] [vix] [709] VixToolsListProcessesEx: opcode 186 returning 0
[2026-06-23T14:02:24.102Z] [ message] [vix] [709] VixTools_ProcessVixCommand: command 186
[2026-06-23T14:02:24.312Z] [ message] [vix] [709] VixToolsListProcessesEx: opcode 186 returning 0
[2026-06-23T14:02:26.413Z] [ message] [vix] [709] VixTools_ProcessVixCommand: command 186
[2026-06-23T14:02:26.612Z] [ message] [vix] [709] VixToolsListProcessesEx: opcode 186 returning 0
[2026-06-23T14:02:28.793Z] [ message] [vix] [709] VixTools_ProcessVixCommand: command 186
[2026-06-23T14:02:28.883Z] [ message] [vix] [709] VixToolsListProcessesEx: opcode 186 returning 0
[2026-06-23T14:02:31.169Z] [ message] [vix] [709] VixTools_ProcessVixCommand: command 186
[2026-06-23T14:02:31.259Z] [ message] [vix] [709] VixToolsListProcessesEx: opcode 186 returning 0
[2026-06-23T14:02:30.188Z] [ message] [vix] [709] VixTools_ProcessVixCommand: command 186
[2026-06-23T14:02:30.511Z] [ message] [vix] [709] VixToolsListProcessesEx: opcode 186 returning 0
[2026-06-23T14:02:32.701Z] [ message] [vix] [709] VixTools_ProcessVixCommand: command 186
[2026-06-23T14:02:32.968Z] [ message] [vix] [709] VixToolsListProcessesEx: opcode 186 returning 0
[2026-06-23T14:02:35.196Z] [ message] [vix] [709] VixTools_ProcessVixCommand: command 186
[2026-06-23T14:02:35.400Z] [ message] [vix] [709] VixToolsListProcessesEx: opcode 186 returning 0
[2026-06-23T14:02:37.665Z] [ message] [vix] [709] VixTools_ProcessVixCommand: command 186
[2026-06-23T14:02:37.869Z] [ message] [vix] [709] VixToolsListProcessesEx: opcode 186 returning 0
[2026-06-23T14:02:39.977Z] [ message] [vix] [709] VixTools_ProcessVixCommand: command 186
[2026-06-23T14:02:40.242Z] [ message] [vix] [709] VixToolsListProcessesEx: opcode 186 returning 0
[2026-06-23T14:02:42.415Z] [ message] [vix] [709] VixTools_ProcessVixCommand: command 186
[2026-06-23T14:02:42.778Z] [ message] [vix] [709] VixToolsListProcessesEx: opcode 186 returning 0
[2026-06-23T14:02:44.936Z] [ message] [vix] [709] VixTools_ProcessVixCommand: command 186
[2026-06-23T14:02:45.028Z] [ message] [vix] [709] VixToolsListProcessesEx: opcode 186 returning 0
[2026-06-23T14:02:47.281Z] [ message] [vix] [709] VixTools_ProcessVixCommand: command 186
[2026-06-23T14:02:47.368Z] [ message] [vix] [709] VixToolsListProcessesEx: opcode 186 returning 0
[2026-06-23T14:02:49.521Z] [ message] [vix] [709] VixTools_ProcessVixCommand: command 186
[2026-06-23T14:02:49.609Z] [ message] [vix] [709] VixToolsListProcessesEx: opcode 186 returning 0
[2026-06-23T14:02:51.715Z] [ message] [vix] [709] VixTools_ProcessVixCommand: command 186
[2026-06-23T14:02:51.945Z] [ message] [vix] [709] VixToolsListProcessesEx: opcode 186 returning 0
[2026-06-23T14:02:54.220Z] [ message] [vix] [709] VixTools_ProcessVixCommand: command 186
[2026-06-23T14:02:54.459Z] [ message] [vix] [709] VixToolsListProcessesEx: opcode 186 returning 0
[2026-06-23T14:02:56.765Z] [ message] [vix] [709] VixTools_ProcessVixCommand: command 186
[2026-06-23T14:02:57.112Z] [ message] [vix] [709] VixToolsListProcessesEx: opcode 186 returning 0
[2026-06-23T14:02:59.300Z] [ message] [vix] [709] VixTools_ProcessVixCommand: command 186
[2026-06-23T14:02:59.412Z] [ message] [vix] [709] VixToolsListProcessesEx: opcode 186 returning 0
[2026-06-23T14:03:01.699Z] [ message] [vix] [709] VixTools_ProcessVixCommand: command 186
[2026-06-23T14:03:01.930Z] [ message] [vix] [709] VixToolsListProcessesEx: opcode 186 returning 0
[2026-06-23T14:03:04.072Z] [ message] [vix] [709] VixTools_ProcessVixCommand: command 186
[2026-06-23T14:03:04.400Z] [ message] [vix] [709] VixToolsListProcessesEx: opcode 186 returning 0
[2026-06-23T14:03:06.929Z] [ message] [vix] [709] VixTools_ProcessVixCommand: command 186
[2026-06-23T14:03:07.095Z] [ message] [vix] [709] VixToolsListProcessesEx: opcode 186 returning 0
[2026-06-23T14:03:09.528Z] [ message] [vix] [709] VixTools_ProcessVixCommand: command 186
[2026-06-23T14:03:09.640Z] [ message] [vix] [709] VixToolsListProcessesEx: opcode 186 returning 0
[2026-06-23T14:03:11.782Z] [ message] [vix] [709] VixTools_ProcessVixCommand: command 186
[2026-06-23T14:03:12.097Z] [ message] [vix] [709] VixToolsListProcessesEx: opcode 186 returning 0
[2026-06-23T14:03:14.234Z] [ message] [vix] [709] VixTools_ProcessVixCommand: command 186
[2026-06-23T14:03:14.467Z] [ message] [vix] [709] VixToolsListProcessesEx: opcode 186 returning 0
[2026-06-23T14:03:16.632Z] [ message] [vix] [709] VixTools_ProcessVixCommand: command 186
[2026-06-23T14:03:16.722Z] [ message] [vix] [709] VixToolsListProcessesEx: opcode 186 returning 0
[2026-06-23T14:03:18.944Z] [ message] [vix] [709] VixTools_ProcessVixCommand: command 186
[2026-06-23T14:03:19.116Z] [ message] [vix] [709] VixToolsListProcessesEx: opcode 186 returning 0
[2026-06-23T14:03:21.210Z] [ message] [vix] [709] VixTools_ProcessVixCommand: command 186
[2026-06-23T14:03:21.498Z] [ message] [vix] [709] VixToolsListProcessesEx: opcode 186 returning 0
[2026-06-23T14:03:23.630Z] [ message] [vix] [709] VixTools_ProcessVixCommand: command 186
[2026-06-23T14:03:23.941Z] [ message] [vix] [709] VixToolsListProcessesEx: opcode 186 returning 0
[2026-06-23T14:03:26.055Z] [ message] [vix] [709] VixTools_ProcessVixCommand: command 186
[2026-06-23T14:03:26.502Z] [ message] [vix] [709] VixToolsListProcessesEx: opcode 186 returning 0
[2026-06-23T14:03:28.761Z] [ message] [vix] [709] VixTools_ProcessVixCommand: command 186
[2026-06-23T14:03:28.970Z] [ message] [vix] [709] VixToolsListProcessesEx: opcode 186 returning 0
[2026-06-23T14:03:31.163Z] [ message] [vix] [709] VixTools_ProcessVixCommand: command 186
[2026-06-23T14:03:31.430Z] [ message] [vix] [709] VixToolsListProcessesEx: opcode 186 returning 0
[2026-06-23T14:03:33.715Z] [ message] [vix] [709] VixTools_ProcessVixCommand: command 186
[2026-06-23T14:03:33.938Z] [ message] [vix] [709] VixToolsListProcessesEx: opcode 186 returning 0
[2026-06-23T14:03:36.191Z] [ message] [vix] [709] VixTools_ProcessVixCommand: command 186
[2026-06-23T14:03:36.344Z] [ message] [vix] [709] VixToolsListProcessesEx: opcode 186 returning 0
[2026-06-23T14:03:38.642Z] [ message] [vix] [709] VixTools_ProcessVixCommand: command 186
[2026-06-23T14:03:38.811Z] [ message] [vix] [709] VixToolsListProcessesEx: opcode 186 returning 0
[2026-06-23T14:03:41.273Z] [ message] [vix] [709] VixTools_ProcessVixCommand: command 186
[2026-06-23T14:03:41.368Z] [ message] [vix] [709] VixToolsListProcessesEx: opcode 186 returning 0
[2026-06-23T14:03:43.760Z] [ message] [vix] [709] VixTools_ProcessVixCommand: command 186
[2026-06-23T14:03:43.937Z] [ message] [vix] [709] VixToolsListProcessesEx: opcode 186 returning 0
[2026-06-23T14:03:46.298Z] [ message] [vix] [709] VixTools_ProcessVixCommand: command 186
[2026-06-23T14:03:46.555Z] [ message] [vix] [709] VixToolsListProcessesEx: opcode 186 returning 0
[2026-06-23T14:03:48.796Z] [ message] [vix] [709] VixTools_ProcessVixCommand: command 186
[2026-06-23T14:03:49.040Z] [ message] [vix] [709] VixToolsListProcessesEx: opcode 186 returning 0
[2026-06-23T14:03:51.321Z] [ message] [vix] [709] VixTools_ProcessVixCommand: command 186
[2026-06-23T14:03:51.409Z] [ message] [vix] [709] VixToolsListProcessesEx: opcode 186 returning 0
[2026-06-23T14:03:53.676Z] [ message] [vix] [709] VixTools_ProcessVixCommand: command 186
[2026-06-23T14:03:53.773Z] [ message] [vix] [709] VixToolsListProcessesEx: opcode 186 returning 0
[2026-06-23T14:03:55.898Z] [ message] [vix] [709] VixTools_ProcessVixCommand: command 186
[2026-06-23T14:03:56.088Z] [ message] [vix] [709] VixToolsListProcessesEx: opcode 186 returning 0
[2026-06-23T14:03:58.566Z] [ message] [vix] [709] VixTools_ProcessVixCommand: command 186
[2026-06-23T14:03:58.770Z] [ message] [vix] [709] VixToolsListProcessesEx: opcode 186 returning 0
[2026-06-23T14:04:00.912Z] [ message] [vix] [709] VixTools_ProcessVixCommand: command 186
[2026-06-23T14:04:01.002Z] [ message] [vix] [709] VixToolsListProcessesEx: opcode 186 returning 0
[2026-06-23T14:04:03.155Z] [ message] [vix] [709] VixTools_ProcessVixCommand: command 186
[2026-06-23T14:04:03.397Z] [ message] [vix] [709] VixToolsListProcessesEx: opcode 186 returning 0
[2026-06-23T14:04:05.568Z] [ message] [vix] [709] VixTools_ProcessVixCommand: command 186
[2026-06-23T14:04:05.871Z] [ message] [vix] [709] VixToolsListProcessesEx: opcode 186 returning 0
[2026-06-23T14:04:08.066Z] [ message] [vix] [709] VixTools_ProcessVixCommand: command 186
[2026-06-23T14:04:08.149Z] [ message] [vix] [709] VixToolsListProcessesEx: opcode 186 returning 0
[2026-06-23T14:04:10.303Z] [ message] [vix] [709] VixTools_ProcessVixCommand: command 186
[2026-06-23T14:04:10.562Z] [ message] [vix] [709] VixToolsListProcessesEx: opcode 186 returning 0
[2026-06-23T14:04:12.763Z] [ message] [vix] [709] VixTools_ProcessVixCommand: command 186
[2026-06-23T14:04:12.859Z] [ message] [vix] [709] VixToolsListProcessesEx: opcode 186 returning 0
[2026-06-23T14:04:15.156Z] [ message] [vix] [709] VixTools_ProcessVixCommand: command 186
[2026-06-23T14:04:15.353Z] [ message] [vix] [709] VixToolsListProcessesEx: opcode 186 returning 0
[2026-06-23T14:04:17.509Z] [ message] [vix] [709] VixTools_ProcessVixCommand: command 186
[2026-06-23T14:04:17.788Z] [ message] [vix] [709] VixToolsListProcessesEx: opcode 186 returning 0
[2026-06-23T14:04:19.936Z] [ message] [vix] [709] VixTools_ProcessVixCommand: command 186
[2026-06-23T14:04:20.148Z] [ message] [vix] [709] VixToolsListProcessesEx: opcode 186 returning 0
[2026-06-23T14:04:22.327Z] [ message] [vix] [709] VixTools_ProcessVixCommand: command 186
[2026-06-23T14:04:22.599Z] [ message] [vix] [709] VixToolsListProcessesEx: opcode 186 returning 0
[2026-06-23T14:04:24.865Z] [ message] [vix] [709] VixTools_ProcessVixCommand: command 186
[2026-06-23T14:04:25.109Z] [ message] [vix] [709] VixToolsListProcessesEx: opcode 186 returning 0
[2026-06-23T14:04:27.301Z] [ message] [vix] [709] VixTools_ProcessVixCommand: command 186
[2026-06-23T14:04:27.449Z] [ message] [vix] [709] VixToolsListProcessesEx: opcode 186 returning 0
[2026-06-23T14:04:29.654Z] [ message] [vix] [709] VixTools_ProcessVixCommand: command 186
[2026-06-23T14:04:29.739Z] [ message] [vix] [709] VixToolsListProcessesEx: opcode 186 returning 0
[2026-06-23T14:04:31.930Z] [ message] [vix] [709] VixTools_ProcessVixCommand: command 186
[2026-06-23T14:04:32.153Z] [ message] [vix] [709] VixToolsListProcessesEx: opcode 186 returning 0
[2026-06-23T14:04:34.352Z] [ message] [vix] [709] VixTools_ProcessVixCommand: command 186
[2026-06-23T14:04:34.531Z] [ message] [vix] [709] VixToolsListProcessesEx: opcode 186 returning 0
[2026-06-23T14:04:36.972Z] [ message] [vix] [709] VixTools_ProcessVixCommand: command 186
[2026-06-23T14:04:37.185Z] [ message] [vix] [709] VixToolsListProcessesEx: opcode 186 returning 0
[2026-06-23T14:04:39.438Z] [ message] [vix] [709] VixTools_ProcessVixCommand: command 186
[2026-06-23T14:04:39.579Z] [ message] [vix] [709] VixToolsListProcessesEx: opcode 186 returning 0
[2026-06-23T14:04:41.729Z] [ message] [vix] [709] VixTools_ProcessVixCommand: command 186
[2026-06-23T14:04:41.920Z] [ message] [vix] [709] VixToolsListProcessesEx: opcode 186 returning 0
[2026-06-23T14:04:44.083Z] [ message] [vix] [709] VixTools_ProcessVixCommand: command 186
[2026-06-23T14:04:44.348Z] [ message] [vix] [709] VixToolsListProcessesEx: opcode 186 returning 0
[2026-06-23T14:04:46.474Z] [ message] [vix] [709] VixTools_ProcessVixCommand: command 186
[2026-06-23T14:04:46.580Z] [ message] [vix] [709] VixToolsListProcessesEx: opcode 186 returning 0
[2026-06-23T14:04:48.749Z] [ message] [vix] [709] VixTools_ProcessVixCommand: command 186
[2026-06-23T14:04:48.854Z] [ message] [vix] [709] VixToolsListProcessesEx: opcode 186 returning 0
[2026-06-23T14:04:51.039Z] [ message] [vix] [709] VixTools_ProcessVixCommand: command 186
[2026-06-23T14:04:51.160Z] [ message] [vix] [709] VixToolsListProcessesEx: opcode 186 returning 0
[2026-06-23T14:04:53.347Z] [ message] [vix] [709] VixTools_ProcessVixCommand: command 186
[2026-06-23T14:04:53.548Z] [ message] [vix] [709] VixToolsListProcessesEx: opcode 186 returning 0
[2026-06-23T14:04:55.643Z] [ message] [vix] [709] VixTools_ProcessVixCommand: command 186
[2026-06-23T14:04:55.944Z] [ message] [vix] [709] VixToolsListProcessesEx: opcode 186 returning 0
[2026-06-23T14:04:58.160Z] [ message] [vix] [709] VixTools_ProcessVixCommand: command 186
[2026-06-23T14:04:58.281Z] [ message] [vix] [709] VixToolsListProcessesEx: opcode 186 returning 0
[2026-06-23T14:05:00.474Z] [ message] [vix] [709] VixTools_ProcessVixCommand: command 186
[2026-06-23T14:05:00.584Z] [ message] [vix] [709] VixToolsListProcessesEx: opcode 186 returning 0
[2026-06-23T14:05:02.989Z] [ message] [vix] [709] VixTools_ProcessVixCommand: command 186
[2026-06-23T14:05:03.091Z] [ message] [vix] [709] VixToolsListProcessesEx: opcode 186 returning 0
[2026-06-23T14:05:05.319Z] [ message] [vix] [709] VixTools_ProcessVixCommand: command 186
[2026-06-23T14:05:05.417Z] [ message] [vix] [709] VixToolsListProcessesEx: opcode 186 returning 0
[2026-06-23T14:05:07.738Z] [ message] [vix] [709] VixTools_ProcessVixCommand: command 186
[2026-06-23T14:05:07.824Z] [ message] [vix] [709] VixToolsListProcessesEx: opcode 186 returning 0
[2026-06-23T14:05:10.079Z] [ message] [vix] [709] VixTools_ProcessVixCommand: command 186
[2026-06-23T14:05:10.171Z] [ message] [vix] [709] VixToolsListProcessesEx: opcode 186 returning 0
[2026-06-23T14:05:12.284Z] [ message] [vix] [709] VixTools_ProcessVixCommand: command 186
[2026-06-23T14:05:12.441Z] [ message] [vix] [709] VixToolsListProcessesEx: opcode 186 returning 0
[2026-06-23T14:05:14.634Z] [ message] [vix] [709] VixTools_ProcessVixCommand: command 186
[2026-06-23T14:05:14.726Z] [ message] [vix] [709] VixToolsListProcessesEx: opcode 186 returning 0
[2026-06-23T14:05:16.847Z] [ message] [vix] [709] VixTools_ProcessVixCommand: command 186
[2026-06-23T14:05:16.972Z] [ message] [vix] [709] VixToolsListProcessesEx: opcode 186 returning 0
[2026-06-23T14:05:19.061Z] [ message] [vix] [709] VixTools_ProcessVixCommand: command 186
[2026-06-23T14:05:19.268Z] [ message] [vix] [709] VixToolsListProcessesEx: opcode 186 returning 0
[2026-06-23T14:05:21.372Z] [ message] [vix] [709] VixTools_ProcessVixCommand: command 186
[2026-06-23T14:05:21.589Z] [ message] [vix] [709] VixToolsListProcessesEx: opcode 186 returning 0
[2026-06-23T14:05:23.742Z] [ message] [vix] [709] VixTools_ProcessVixCommand: command 186
[2026-06-23T14:05:23.876Z] [ message] [vix] [709] VixToolsListProcessesEx: opcode 186 returning 0
[2026-06-23T14:05:26.001Z] [ message] [vix] [709] VixTools_ProcessVixCommand: command 186
[2026-06-23T14:05:26.181Z] [ message] [vix] [709] VixToolsListProcessesEx: opcode 186 returning 0
[2026-06-23T14:05:28.408Z] [ message] [vix] [709] VixTools_ProcessVixCommand: command 186
[2026-06-23T14:05:28.764Z] [ message] [vix] [709] VixToolsListProcessesEx: opcode 186 returning 0
[2026-06-23T14:05:30.989Z] [ message] [vix] [709] VixTools_ProcessVixCommand: command 186
[2026-06-23T14:05:31.175Z] [ message] [vix] [709] VixToolsListProcessesEx: opcode 186 returning 0
[2026-06-23T14:05:33.367Z] [ message] [vix] [709] VixTools_ProcessVixCommand: command 186
[2026-06-23T14:05:33.467Z] [ message] [vix] [709] VixToolsListProcessesEx: opcode 186 returning 0
[2026-06-23T14:05:35.593Z] [ message] [vix] [709] VixTools_ProcessVixCommand: command 186
[2026-06-23T14:05:35.680Z] [ message] [vix] [709] VixToolsListProcessesEx: opcode 186 returning 0
[2026-06-23T14:05:37.944Z] [ message] [vix] [709] VixTools_ProcessVixCommand: command 186
[2026-06-23T14:05:38.056Z] [ message] [vix] [709] VixToolsListProcessesEx: opcode 186 returning 0
[2026-06-23T14:05:40.287Z] [ message] [vix] [709] VixTools_ProcessVixCommand: command 186
[2026-06-23T14:05:40.459Z] [ message] [vix] [709] VixToolsListProcessesEx: opcode 186 returning 0
[2026-06-23T14:05:42.675Z] [ message] [vix] [709] VixTools_ProcessVixCommand: command 186
[2026-06-23T14:05:42.889Z] [ message] [vix] [709] VixToolsListProcessesEx: opcode 186 returning 0
[2026-06-23T14:05:45.123Z] [ message] [vix] [709] VixTools_ProcessVixCommand: command 186
[2026-06-23T14:05:45.211Z] [ message] [vix] [709] VixToolsListProcessesEx: opcode 186 returning 0
[2026-06-23T14:05:47.384Z] [ message] [vix] [709] VixTools_ProcessVixCommand: command 186
[2026-06-23T14:05:47.470Z] [ message] [vix] [709] VixToolsListProcessesEx: opcode 186 returning 0
[2026-06-23T14:05:49.590Z] [ message] [vix] [709] VixTools_ProcessVixCommand: command 186
[2026-06-23T14:05:49.682Z] [ message] [vix] [709] VixToolsListProcessesEx: opcode 186 returning 0
[2026-06-23T14:05:52.103Z] [ message] [vix] [709] VixTools_ProcessVixCommand: command 186
[2026-06-23T14:05:52.368Z] [ message] [vix] [709] VixToolsListProcessesEx: opcode 186 returning 0
[2026-06-23T14:05:54.627Z] [ message] [vix] [709] VixTools_ProcessVixCommand: command 186
[2026-06-23T14:05:54.731Z] [ message] [vix] [709] VixToolsListProcessesEx: opcode 186 returning 0
[2026-06-23T14:05:56.927Z] [ message] [vix] [709] VixTools_ProcessVixCommand: command 186
[2026-06-23T14:05:57.136Z] [ message] [vix] [709] VixToolsListProcessesEx: opcode 186 returning 0
[2026-06-23T14:05:59.273Z] [ message] [vix] [709] VixTools_ProcessVixCommand: command 186
[2026-06-23T14:05:59.535Z] [ message] [vix] [709] VixToolsListProcessesEx: opcode 186 returning 0
[2026-06-23T14:06:01.741Z] [ message] [vix] [709] VixTools_ProcessVixCommand: command 186
[2026-06-23T14:06:01.880Z] [ message] [vix] [709] VixToolsListProcessesEx: opcode 186 returning 0
[2026-06-23T14:06:04.208Z] [ message] [vix] [709] VixTools_ProcessVixCommand: command 186
[2026-06-23T14:06:04.660Z] [ message] [vix] [709] VixToolsListProcessesEx: opcode 186 returning 0
[2026-06-23T14:06:07.151Z] [ message] [vix] [709] VixTools_ProcessVixCommand: command 186
[2026-06-23T14:06:07.603Z] [ message] [vix] [709] VixToolsListProcessesEx: opcode 186 returning 0
[2026-06-23T14:06:09.934Z] [ message] [vix] [709] VixTools_ProcessVixCommand: command 186
[2026-06-23T14:06:10.337Z] [ message] [vix] [709] VixToolsListProcessesEx: opcode 186 returning 0
[2026-06-23T14:06:12.573Z] [ message] [vix] [709] VixTools_ProcessVixCommand: command 186
[2026-06-23T14:06:12.679Z] [ message] [vix] [709] VixToolsListProcessesEx: opcode 186 returning 0
[2026-06-23T14:06:14.979Z] [ message] [vix] [709] VixTools_ProcessVixCommand: command 186
[2026-06-23T14:06:15.097Z] [ message] [vix] [709] VixToolsListProcessesEx: opcode 186 returning 0
[2026-06-23T14:06:17.471Z] [ message] [vix] [709] VixTools_ProcessVixCommand: command 186
[2026-06-23T14:06:17.683Z] [ message] [vix] [709] VixToolsListProcessesEx: opcode 186 returning 0
[2026-06-23T14:06:19.877Z] [ message] [vix] [709] VixTools_ProcessVixCommand: command 186
[2026-06-23T14:06:20.087Z] [ message] [vix] [709] VixToolsListProcessesEx: opcode 186 returning 0
[2026-06-23T14:06:22.360Z] [ message] [vix] [709] VixTools_ProcessVixCommand: command 186
[2026-06-23T14:06:22.478Z] [ message] [vix] [709] VixToolsListProcessesEx: opcode 186 returning 0
[2026-06-23T14:06:24.800Z] [ message] [vix] [709] VixTools_ProcessVixCommand: command 186
[2026-06-23T14:06:25.147Z] [ message] [vix] [709] VixToolsListProcessesEx: opcode 186 returning 0
[2026-06-23T14:06:27.380Z] [ message] [vix] [709] VixTools_ProcessVixCommand: command 186
[2026-06-23T14:06:27.562Z] [ message] [vix] [709] VixToolsListProcessesEx: opcode 186 returning 0
[2026-06-23T14:06:29.800Z] [ message] [vix] [709] VixTools_ProcessVixCommand: command 186
[2026-06-23T14:06:30.061Z] [ message] [vix] [709] VixToolsListProcessesEx: opcode 186 returning 0
[2026-06-23T14:06:32.190Z] [ message] [vix] [709] VixTools_ProcessVixCommand: command 186
[2026-06-23T14:06:32.425Z] [ message] [vix] [709] VixToolsListProcessesEx: opcode 186 returning 0
[2026-06-23T14:06:34.608Z] [ message] [vix] [709] VixTools_ProcessVixCommand: command 186
[2026-06-23T14:06:34.905Z] [ message] [vix] [709] VixToolsListProcessesEx: opcode 186 returning 0
[2026-06-23T14:06:37.319Z] [ message] [vix] [709] VixTools_ProcessVixCommand: command 186
[2026-06-23T14:06:37.588Z] [ message] [vix] [709] VixToolsListProcessesEx: opcode 186 returning 0
[2026-06-23T14:06:39.776Z] [ message] [vix] [709] VixTools_ProcessVixCommand: command 186
[2026-06-23T14:06:39.901Z] [ message] [vix] [709] VixToolsListProcessesEx: opcode 186 returning 0
[2026-06-23T14:06:42.110Z] [ message] [vix] [709] VixTools_ProcessVixCommand: command 186
[2026-06-23T14:06:42.310Z] [ message] [vix] [709] VixToolsListProcessesEx: opcode 186 returning 0
[2026-06-23T14:06:44.521Z] [ message] [vix] [709] VixTools_ProcessVixCommand: command 186
[2026-06-23T14:06:44.755Z] [ message] [vix] [709] VixToolsListProcessesEx: opcode 186 returning 0
[2026-06-23T14:06:46.991Z] [ message] [vix] [709] VixTools_ProcessVixCommand: command 186
[2026-06-23T14:06:47.103Z] [ message] [vix] [709] VixToolsListProcessesEx: opcode 186 returning 0
[2026-06-23T14:06:49.408Z] [ message] [vix] [709] VixTools_ProcessVixCommand: command 186
[2026-06-23T14:06:49.704Z] [ message] [vix] [709] VixToolsListProcessesEx: opcode 186 returning 0
[2026-06-23T14:06:51.927Z] [ message] [vix] [709] VixTools_ProcessVixCommand: command 186
[2026-06-23T14:06:52.170Z] [ message] [vix] [709] VixToolsListProcessesEx: opcode 186 returning 0
[2026-06-23T14:06:54.396Z] [ message] [vix] [709] VixTools_ProcessVixCommand: command 186
[2026-06-23T14:06:54.706Z] [ message] [vix] [709] VixToolsListProcessesEx: opcode 186 returning 0
[2026-06-23T14:06:56.879Z] [ message] [vix] [709] VixTools_ProcessVixCommand: command 186
[2026-06-23T14:06:57.114Z] [ message] [vix] [709] VixToolsListProcessesEx: opcode 186 returning 0
[2026-06-23T14:06:59.305Z] [ message] [vix] [709] VixTools_ProcessVixCommand: command 186
[2026-06-23T14:06:59.660Z] [ message] [vix] [709] VixToolsListProcessesEx: opcode 186 returning 0
[2026-06-23T14:07:01.818Z] [ message] [vix] [709] VixTools_ProcessVixCommand: command 186
[2026-06-23T14:07:01.958Z] [ message] [vix] [709] VixToolsListProcessesEx: opcode 186 returning 0
[2026-06-23T14:07:04.286Z] [ message] [vix] [709] VixTools_ProcessVixCommand: command 186
[2026-06-23T14:07:04.447Z] [ message] [vix] [709] VixToolsListProcessesEx: opcode 186 returning 0
[2026-06-23T14:07:07.233Z] [ message] [vix] [709] VixTools_ProcessVixCommand: command 186
[2026-06-23T14:07:07.577Z] [ message] [vix] [709] VixToolsListProcessesEx: opcode 186 returning 0
[2026-06-23T14:07:09.785Z] [ message] [vix] [709] VixTools_ProcessVixCommand: command 186
[2026-06-23T14:07:10.051Z] [ message] [vix] [709] VixToolsListProcessesEx: opcode 186 returning 0
[2026-06-23T14:07:12.342Z] [ message] [vix] [709] VixTools_ProcessVixCommand: command 186
[2026-06-23T14:07:12.478Z] [ message] [vix] [709] VixToolsListProcessesEx: opcode 186 returning 0
[2026-06-23T14:07:14.959Z] [ message] [vix] [709] VixTools_ProcessVixCommand: command 186
[2026-06-23T14:07:15.148Z] [ message] [vix] [709] VixToolsListProcessesEx: opcode 186 returning 0
[2026-06-23T14:07:17.567Z] [ message] [vix] [709] VixTools_ProcessVixCommand: command 186
[2026-06-23T14:07:17.897Z] [ message] [vix] [709] VixToolsListProcessesEx: opcode 186 returning 0
[2026-06-23T14:07:20.114Z] [ message] [vix] [709] VixTools_ProcessVixCommand: command 186
[2026-06-23T14:07:20.399Z] [ message] [vix] [709] VixToolsListProcessesEx: opcode 186 returning 0
[2026-06-23T14:07:22.543Z] [ message] [vix] [709] VixTools_ProcessVixCommand: command 186
[2026-06-23T14:07:22.634Z] [ message] [vix] [709] VixToolsListProcessesEx: opcode 186 returning 0
[2026-06-23T14:07:24.892Z] [ message] [vix] [709] VixTools_ProcessVixCommand: command 186
[2026-06-23T14:07:25.139Z] [ message] [vix] [709] VixToolsListProcessesEx: opcode 186 returning 0
[2026-06-23T14:07:27.321Z] [ message] [vix] [709] VixTools_ProcessVixCommand: command 186
[2026-06-23T14:07:27.450Z] [ message] [vix] [709] VixToolsListProcessesEx: opcode 186 returning 0
[2026-06-23T14:07:29.691Z] [ message] [vix] [709] VixTools_ProcessVixCommand: command 186
[2026-06-23T14:07:30.001Z] [ message] [vix] [709] VixToolsListProcessesEx: opcode 186 returning 0
[2026-06-23T14:07:32.171Z] [ message] [vix] [709] VixTools_ProcessVixCommand: command 186
[2026-06-23T14:07:32.303Z] [ message] [vix] [709] VixToolsListProcessesEx: opcode 186 returning 0
[2026-06-23T14:07:34.546Z] [ message] [vix] [709] VixTools_ProcessVixCommand: command 186
[2026-06-23T14:07:34.825Z] [ message] [vix] [709] VixToolsListProcessesEx: opcode 186 returning 0
[2026-06-23T14:07:37.271Z] [ message] [vix] [709] VixTools_ProcessVixCommand: command 186
[2026-06-23T14:07:37.493Z] [ message] [vix] [709] VixToolsListProcessesEx: opcode 186 returning 0
[2026-06-23T14:07:39.785Z] [ message] [vix] [709] VixTools_ProcessVixCommand: command 186
[2026-06-23T14:07:39.882Z] [ message] [vix] [709] VixToolsListProcessesEx: opcode 186 returning 0
[2026-06-23T14:07:42.170Z] [ message] [vix] [709] VixTools_ProcessVixCommand: command 186
[2026-06-23T14:07:42.262Z] [ message] [vix] [709] VixToolsListProcessesEx: opcode 186 returning 0
[2026-06-23T14:07:44.527Z] [ message] [vix] [709] VixTools_ProcessVixCommand: command 186
[2026-06-23T14:07:44.626Z] [ message] [vix] [709] VixToolsListProcessesEx: opcode 186 returning 0
[2026-06-23T14:07:46.943Z] [ message] [vix] [709] VixTools_ProcessVixCommand: command 186
[2026-06-23T14:07:47.261Z] [ message] [vix] [709] VixToolsListProcessesEx: opcode 186 returning 0
[2026-06-23T14:07:49.454Z] [ message] [vix] [709] VixTools_ProcessVixCommand: command 186
[2026-06-23T14:07:49.683Z] [ message] [vix] [709] VixToolsListProcessesEx: opcode 186 returning 0
[2026-06-23T14:07:51.928Z] [ message] [vix] [709] VixTools_ProcessVixCommand: command 186
[2026-06-23T14:07:52.155Z] [ message] [vix] [709] VixToolsListProcessesEx: opcode 186 returning 0
[2026-06-23T14:07:54.346Z] [ message] [vix] [709] VixTools_ProcessVixCommand: command 186
[2026-06-23T14:07:54.652Z] [ message] [vix] [709] VixToolsListProcessesEx: opcode 186 returning 0
[2026-06-23T14:07:56.886Z] [ message] [vix] [709] VixTools_ProcessVixCommand: command 186
[2026-06-23T14:07:57.048Z] [ message] [vix] [709] VixToolsListProcessesEx: opcode 186 returning 0
[2026-06-23T14:07:59.590Z] [ message] [vix] [709] VixTools_ProcessVixCommand: command 186
[2026-06-23T14:07:59.699Z] [ message] [vix] [709] VixToolsListProcessesEx: opcode 186 returning 0
[2026-06-23T14:08:01.982Z] [ message] [vix] [709] VixTools_ProcessVixCommand: command 186
[2026-06-23T14:08:02.103Z] [ message] [vix] [709] VixToolsListProcessesEx: opcode 186 returning 0
[2026-06-23T14:08:04.332Z] [ message] [vix] [709] VixTools_ProcessVixCommand: command 186
[2026-06-23T14:08:04.586Z] [ message] [vix] [709] VixToolsListProcessesEx: opcode 186 returning 0
[2026-06-23T14:08:07.012Z] [ message] [vix] [709] VixTools_ProcessVixCommand: command 186
[2026-06-23T14:08:07.223Z] [ message] [vix] [709] VixToolsListProcessesEx: opcode 186 returning 0
[2026-06-23T14:08:09.466Z] [ message] [vix] [709] VixTools_ProcessVixCommand: command 186
[2026-06-23T14:08:09.829Z] [ message] [vix] [709] VixToolsListProcessesEx: opcode 186 returning 0
[2026-06-23T14:08:12.031Z] [ message] [vix] [709] VixTools_ProcessVixCommand: command 186
[2026-06-23T14:08:12.320Z] [ message] [vix] [709] VixToolsListProcessesEx: opcode 186 returning 0
[2026-06-23T14:08:14.452Z] [ message] [vix] [709] VixTools_ProcessVixCommand: command 186
[2026-06-23T14:08:14.755Z] [ message] [vix] [709] VixToolsListProcessesEx: opcode 186 returning 0
[2026-06-23T14:08:17.027Z] [ message] [vix] [709] VixTools_ProcessVixCommand: command 186
[2026-06-23T14:08:17.162Z] [ message] [vix] [709] VixToolsListProcessesEx: opcode 186 returning 0
[2026-06-23T14:08:19.450Z] [ message] [vix] [709] VixTools_ProcessVixCommand: command 186
[2026-06-23T14:08:19.583Z] [ message] [vix] [709] VixToolsListProcessesEx: opcode 186 returning 0
[2026-06-23T14:08:21.712Z] [ message] [vix] [709] VixTools_ProcessVixCommand: command 186
[2026-06-23T14:08:22.067Z] [ message] [vix] [709] VixToolsListProcessesEx: opcode 186 returning 0
[2026-06-23T14:08:24.310Z] [ message] [vix] [709] VixTools_ProcessVixCommand: command 186
[2026-06-23T14:08:24.638Z] [ message] [vix] [709] VixToolsListProcessesEx: opcode 186 returning 0
[2026-06-23T14:08:26.913Z] [ message] [vix] [709] VixTools_ProcessVixCommand: command 186
[2026-06-23T14:08:27.259Z] [ message] [vix] [709] VixToolsListProcessesEx: opcode 186 returning 0
[2026-06-23T14:08:29.401Z] [ message] [vix] [709] VixTools_ProcessVixCommand: command 186
[2026-06-23T14:08:29.749Z] [ message] [vix] [709] VixToolsListProcessesEx: opcode 186 returning 0
[2026-06-23T14:08:32.063Z] [ message] [vix] [709] VixTools_ProcessVixCommand: command 186
[2026-06-23T14:08:32.370Z] [ message] [vix] [709] VixToolsListProcessesEx: opcode 186 returning 0
[2026-06-23T14:08:34.558Z] [ message] [vix] [709] VixTools_ProcessVixCommand: command 186
[2026-06-23T14:08:34.770Z] [ message] [vix] [709] VixToolsListProcessesEx: opcode 186 returning 0
[2026-06-23T14:08:37.353Z] [ message] [vix] [709] VixTools_ProcessVixCommand: command 186
[2026-06-23T14:08:37.618Z] [ message] [vix] [709] VixToolsListProcessesEx: opcode 186 returning 0
[2026-06-23T14:08:39.840Z] [ message] [vix] [709] VixTools_ProcessVixCommand: command 186
[2026-06-23T14:08:40.755Z] [ message] [vix] [709] VixToolsListProcessesEx: opcode 186 returning 0
[2026-06-23T14:08:42.894Z] [ message] [vix] [709] VixTools_ProcessVixCommand: command 186
[2026-06-23T14:08:43.216Z] [ message] [vix] [709] VixToolsListProcessesEx: opcode 186 returning 0
[2026-06-23T14:08:45.420Z] [ message] [vix] [709] VixTools_ProcessVixCommand: command 186
[2026-06-23T14:08:45.810Z] [ message] [vix] [709] VixToolsListProcessesEx: opcode 186 returning 0
[2026-06-23T14:08:48.113Z] [ message] [vix] [709] VixTools_ProcessVixCommand: command 186
[2026-06-23T14:08:48.260Z] [ message] [vix] [709] VixToolsListProcessesEx: opcode 186 returning 0
[2026-06-23T14:08:50.673Z] [ message] [vix] [709] VixTools_ProcessVixCommand: command 186
[2026-06-23T14:08:50.952Z] [ message] [vix] [709] VixToolsListProcessesEx: opcode 186 returning 0
[2026-06-23T14:08:53.133Z] [ message] [vix] [709] VixTools_ProcessVixCommand: command 186
[2026-06-23T14:08:53.241Z] [ message] [vix] [709] VixToolsListProcessesEx: opcode 186 returning 0
[2026-06-23T14:08:55.540Z] [ message] [vix] [709] VixTools_ProcessVixCommand: command 186
[2026-06-23T14:08:55.697Z] [ message] [vix] [709] VixToolsListProcessesEx: opcode 186 returning 0
[2026-06-23T14:08:57.926Z] [ message] [vix] [709] VixTools_ProcessVixCommand: command 186
[2026-06-23T14:08:58.164Z] [ message] [vix] [709] VixToolsListProcessesEx: opcode 186 returning 0
[2026-06-23T14:09:00.374Z] [ message] [vix] [709] VixTools_ProcessVixCommand: command 186
[2026-06-23T14:09:00.579Z] [ message] [vix] [709] VixToolsListProcessesEx: opcode 186 returning 0
[2026-06-23T14:09:02.732Z] [ message] [vix] [709] VixTools_ProcessVixCommand: command 186
[2026-06-23T14:09:02.981Z] [ message] [vix] [709] VixToolsListProcessesEx: opcode 186 returning 0
[2026-06-23T14:09:05.177Z] [ message] [vix] [709] VixTools_ProcessVixCommand: command 186
[2026-06-23T14:09:05.312Z] [ message] [vix] [709] VixToolsListProcessesEx: opcode 186 returning 0
[2026-06-23T14:09:07.549Z] [ message] [vix] [709] VixTools_ProcessVixCommand: command 186
[2026-06-23T14:09:07.706Z] [ message] [vix] [709] VixToolsListProcessesEx: opcode 186 returning 0
[2026-06-23T14:09:10.023Z] [ message] [vix] [709] VixTools_ProcessVixCommand: command 186
[2026-06-23T14:09:10.128Z] [ message] [vix] [709] VixToolsListProcessesEx: opcode 186 returning 0
[2026-06-23T14:09:12.467Z] [ message] [vix] [709] VixTools_ProcessVixCommand: command 186
[2026-06-23T14:09:12.654Z] [ message] [vix] [709] VixToolsListProcessesEx: opcode 186 returning 0
[2026-06-23T14:09:15.001Z] [ message] [vix] [709] VixTools_ProcessVixCommand: command 186
[2026-06-23T14:09:15.085Z] [ message] [vix] [709] VixToolsListProcessesEx: opcode 186 returning 0
[2026-06-23T14:09:17.378Z] [ message] [vix] [709] VixTools_ProcessVixCommand: command 186
[2026-06-23T14:09:17.464Z] [ message] [vix] [709] VixToolsListProcessesEx: opcode 186 returning 0
[2026-06-23T14:09:19.641Z] [ message] [vix] [709] VixTools_ProcessVixCommand: command 186
[2026-06-23T14:09:19.885Z] [ message] [vix] [709] VixToolsListProcessesEx: opcode 186 returning 0
[2026-06-23T14:09:22.076Z] [ message] [vix] [709] VixTools_ProcessVixCommand: command 186
[2026-06-23T14:09:22.203Z] [ message] [vix] [709] VixToolsListProcessesEx: opcode 186 returning 0
[2026-06-23T14:09:24.483Z] [ message] [vix] [709] VixTools_ProcessVixCommand: command 186
[2026-06-23T14:09:24.573Z] [ message] [vix] [709] VixToolsListProcessesEx: opcode 186 returning 0
[2026-06-23T14:09:26.779Z] [ message] [vix] [709] VixTools_ProcessVixCommand: command 186
[2026-06-23T14:09:26.990Z] [ message] [vix] [709] VixToolsListProcessesEx: opcode 186 returning 0
[2026-06-23T14:09:29.229Z] [ message] [vix] [709] VixTools_ProcessVixCommand: command 186
[2026-06-23T14:09:29.328Z] [ message] [vix] [709] VixToolsListProcessesEx: opcode 186 returning 0
[2026-06-23T14:09:31.503Z] [ message] [vix] [709] VixTools_ProcessVixCommand: command 186
[2026-06-23T14:09:31.615Z] [ message] [vix] [709] VixToolsListProcessesEx: opcode 186 returning 0
[2026-06-23T14:09:33.820Z] [ message] [vix] [709] VixTools_ProcessVixCommand: command 186
[2026-06-23T14:09:33.913Z] [ message] [vix] [709] VixToolsListProcessesEx: opcode 186 returning 0
[2026-06-23T14:09:36.060Z] [ message] [vix] [709] VixTools_ProcessVixCommand: command 186
[2026-06-23T14:09:36.314Z] [ message] [vix] [709] VixToolsListProcessesEx: opcode 186 returning 0
[2026-06-23T14:09:38.512Z] [ message] [vix] [709] VixTools_ProcessVixCommand: command 186
[2026-06-23T14:09:38.735Z] [ message] [vix] [709] VixToolsListProcessesEx: opcode 186 returning 0
[2026-06-23T14:09:40.950Z] [ message] [vix] [709] VixTools_ProcessVixCommand: command 186
[2026-06-23T14:09:41.037Z] [ message] [vix] [709] VixToolsListProcessesEx: opcode 186 returning 0
[2026-06-23T14:09:43.309Z] [ message] [vix] [709] VixTools_ProcessVixCommand: command 186
[2026-06-23T14:09:43.499Z] [ message] [vix] [709] VixToolsListProcessesEx: opcode 186 returning 0
[2026-06-23T14:09:45.699Z] [ message] [vix] [709] VixTools_ProcessVixCommand: command 186
[2026-06-23T14:09:45.948Z] [ message] [vix] [709] VixToolsListProcessesEx: opcode 186 returning 0
[2026-06-23T14:09:48.131Z] [ message] [vix] [709] VixTools_ProcessVixCommand: command 186
[2026-06-23T14:09:48.239Z] [ message] [vix] [709] VixToolsListProcessesEx: opcode 186 returning 0
[2026-06-23T14:09:50.421Z] [ message] [vix] [709] VixTools_ProcessVixCommand: command 186
[2026-06-23T14:09:50.617Z] [ message] [vix] [709] VixToolsListProcessesEx: opcode 186 returning 0
[2026-06-23T14:09:52.788Z] [ message] [vix] [709] VixTools_ProcessVixCommand: command 186
[2026-06-23T14:09:52.964Z] [ message] [vix] [709] VixToolsListProcessesEx: opcode 186 returning 0
[2026-06-23T14:09:55.269Z] [ message] [vix] [709] VixTools_ProcessVixCommand: command 186
[2026-06-23T14:09:55.358Z] [ message] [vix] [709] VixToolsListProcessesEx: opcode 186 returning 0
[2026-06-23T14:09:57.566Z] [ message] [vix] [709] VixTools_ProcessVixCommand: command 186
[2026-06-23T14:09:57.664Z] [ message] [vix] [709] VixToolsListProcessesEx: opcode 186 returning 0
[2026-06-23T14:09:59.868Z] [ message] [vix] [709] VixTools_ProcessVixCommand: command 186
[2026-06-23T14:09:59.971Z] [ message] [vix] [709] VixToolsListProcessesEx: opcode 186 returning 0
[2026-06-23T14:10:02.226Z] [ message] [vix] [709] VixTools_ProcessVixCommand: command 186
[2026-06-23T14:10:02.327Z] [ message] [vix] [709] VixToolsListProcessesEx: opcode 186 returning 0
[2026-06-23T14:10:04.491Z] [ message] [vix] [709] VixTools_ProcessVixCommand: command 186
[2026-06-23T14:10:04.714Z] [ message] [vix] [709] VixToolsListProcessesEx: opcode 186 returning 0
[2026-06-23T14:10:06.883Z] [ message] [vix] [709] VixTools_ProcessVixCommand: command 186
[2026-06-23T14:10:07.122Z] [ message] [vix] [709] VixToolsListProcessesEx: opcode 186 returning 0
[2026-06-23T14:10:09.401Z] [ message] [vix] [709] VixTools_ProcessVixCommand: command 186
[2026-06-23T14:10:09.616Z] [ message] [vix] [709] VixToolsListProcessesEx: opcode 186 returning 0
[2026-06-23T14:10:11.768Z] [ message] [vix] [709] VixTools_ProcessVixCommand: command 186
[2026-06-23T14:10:11.877Z] [ message] [vix] [709] VixToolsListProcessesEx: opcode 186 returning 0
[2026-06-23T14:10:14.141Z] [ message] [vix] [709] VixTools_ProcessVixCommand: command 186
[2026-06-23T14:10:14.351Z] [ message] [vix] [709] VixToolsListProcessesEx: opcode 186 returning 0
[2026-06-23T14:10:16.531Z] [ message] [vix] [709] VixTools_ProcessVixCommand: command 186
[2026-06-23T14:10:16.651Z] [ message] [vix] [709] VixToolsListProcessesEx: opcode 186 returning 0
[2026-06-23T14:10:18.841Z] [ message] [vix] [709] VixTools_ProcessVixCommand: command 186
[2026-06-23T14:10:19.034Z] [ message] [vix] [709] VixToolsListProcessesEx: opcode 186 returning 0
[2026-06-23T14:10:21.191Z] [ message] [vix] [709] VixTools_ProcessVixCommand: command 186
[2026-06-23T14:10:21.287Z] [ message] [vix] [709] VixToolsListProcessesEx: opcode 186 returning 0
[2026-06-23T14:10:23.514Z] [ message] [vix] [709] VixTools_ProcessVixCommand: command 186
[2026-06-23T14:10:23.766Z] [ message] [vix] [709] VixToolsListProcessesEx: opcode 186 returning 0
[2026-06-23T14:10:25.921Z] [ message] [vix] [709] VixTools_ProcessVixCommand: command 186
[2026-06-23T14:10:26.030Z] [ message] [vix] [709] VixToolsListProcessesEx: opcode 186 returning 0
[2026-06-23T14:10:28.195Z] [ message] [vix] [709] VixTools_ProcessVixCommand: command 186
[2026-06-23T14:10:28.289Z] [ message] [vix] [709] VixToolsListProcessesEx: opcode 186 returning 0
[2026-06-23T14:10:30.439Z] [ message] [vix] [709] VixTools_ProcessVixCommand: command 186
[2026-06-23T14:10:30.542Z] [ message] [vix] [709] VixToolsListProcessesEx: opcode 186 returning 0
[2026-06-23T14:10:32.706Z] [ message] [vix] [709] VixTools_ProcessVixCommand: command 186
[2026-06-23T14:10:32.842Z] [ message] [vix] [709] VixToolsListProcessesEx: opcode 186 returning 0
[2026-06-23T14:10:34.972Z] [ message] [vix] [709] VixTools_ProcessVixCommand: command 186
[2026-06-23T14:10:35.954Z] [ message] [vix] [709] VixToolsListProcessesEx: opcode 186 returning 0
[2026-06-23T14:10:38.205Z] [ message] [vix] [709] VixTools_ProcessVixCommand: command 186
[2026-06-23T14:10:38.355Z] [ message] [vix] [709] VixToolsListProcessesEx: opcode 186 returning 0
[2026-06-23T14:10:40.500Z] [ message] [vix] [709] VixTools_ProcessVixCommand: command 186
[2026-06-23T14:10:40.667Z] [ message] [vix] [709] VixToolsListProcessesEx: opcode 186 returning 0
[2026-06-23T14:10:42.934Z] [ message] [vix] [709] VixTools_ProcessVixCommand: command 186
[2026-06-23T14:10:43.320Z] [ message] [vix] [709] VixToolsListProcessesEx: opcode 186 returning 0
[2026-06-23T14:10:45.532Z] [ message] [vix] [709] VixTools_ProcessVixCommand: command 186
[2026-06-23T14:10:45.646Z] [ message] [vix] [709] VixToolsListProcessesEx: opcode 186 returning 0
[2026-06-23T14:10:48.013Z] [ message] [vix] [709] VixTools_ProcessVixCommand: command 186
[2026-06-23T14:10:48.250Z] [ message] [vix] [709] VixToolsListProcessesEx: opcode 186 returning 0
[2026-06-23T14:10:50.532Z] [ message] [vix] [709] VixTools_ProcessVixCommand: command 186
[2026-06-23T14:10:50.641Z] [ message] [vix] [709] VixToolsListProcessesEx: opcode 186 returning 0
[2026-06-23T14:10:52.959Z] [ message] [vix] [709] VixTools_ProcessVixCommand: command 186
[2026-06-23T14:10:53.295Z] [ message] [vix] [709] VixToolsListProcessesEx: opcode 186 returning 0
[2026-06-23T14:10:55.436Z] [ message] [vix] [709] VixTools_ProcessVixCommand: command 186
[2026-06-23T14:10:55.630Z] [ message] [vix] [709] VixToolsListProcessesEx: opcode 186 returning 0
[2026-06-23T14:10:57.823Z] [ message] [vix] [709] VixTools_ProcessVixCommand: command 186
[2026-06-23T14:10:58.122Z] [ message] [vix] [709] VixToolsListProcessesEx: opcode 186 returning 0
[2026-06-23T14:11:00.329Z] [ message] [vix] [709] VixTools_ProcessVixCommand: command 186
[2026-06-23T14:11:00.466Z] [ message] [vix] [709] VixToolsListProcessesEx: opcode 186 returning 0
[2026-06-23T14:11:02.845Z] [ message] [vix] [709] VixTools_ProcessVixCommand: command 186
[2026-06-23T14:11:03.095Z] [ message] [vix] [709] VixToolsListProcessesEx: opcode 186 returning 0
[2026-06-23T14:11:05.363Z] [ message] [vix] [709] VixTools_ProcessVixCommand: command 186
[2026-06-23T14:11:05.466Z] [ message] [vix] [709] VixToolsListProcessesEx: opcode 186 returning 0
[2026-06-23T14:11:07.764Z] [ message] [vix] [709] VixTools_ProcessVixCommand: command 186
[2026-06-23T14:11:08.133Z] [ message] [vix] [709] VixToolsListProcessesEx: opcode 186 returning 0
[2026-06-23T14:11:10.307Z] [ message] [vix] [709] VixTools_ProcessVixCommand: command 186
[2026-06-23T14:11:10.488Z] [ message] [vix] [709] VixToolsListProcessesEx: opcode 186 returning 0
[2026-06-23T14:11:12.809Z] [ message] [vix] [709] VixTools_ProcessVixCommand: command 186
[2026-06-23T14:11:13.129Z] [ message] [vix] [709] VixToolsListProcessesEx: opcode 186 returning 0
[2026-06-23T14:11:15.234Z] [ message] [vix] [709] VixTools_ProcessVixCommand: command 186
[2026-06-23T14:11:15.620Z] [ message] [vix] [709] VixToolsListProcessesEx: opcode 186 returning 0
[2026-06-23T14:11:17.926Z] [ message] [vix] [709] VixTools_ProcessVixCommand: command 186
[2026-06-23T14:11:18.069Z] [ message] [vix] [709] VixToolsListProcessesEx: opcode 186 returning 0
[2026-06-23T14:11:20.206Z] [ message] [vix] [709] VixTools_ProcessVixCommand: command 186
[2026-06-23T14:11:20.543Z] [ message] [vix] [709] VixToolsListProcessesEx: opcode 186 returning 0
[2026-06-23T14:11:22.666Z] [ message] [vix] [709] VixTools_ProcessVixCommand: command 186
[2026-06-23T14:11:22.794Z] [ message] [vix] [709] VixToolsListProcessesEx: opcode 186 returning 0
[2026-06-23T14:11:25.166Z] [ message] [vix] [709] VixTools_ProcessVixCommand: command 186
[2026-06-23T14:11:25.353Z] [ message] [vix] [709] VixToolsListProcessesEx: opcode 186 returning 0
[2026-06-23T14:11:27.586Z] [ message] [vix] [709] VixTools_ProcessVixCommand: command 186
[2026-06-23T14:11:27.694Z] [ message] [vix] [709] VixToolsListProcessesEx: opcode 186 returning 0
[2026-06-23T14:11:30.019Z] [ message] [vix] [709] VixTools_ProcessVixCommand: command 186
[2026-06-23T14:11:30.136Z] [ message] [vix] [709] VixToolsListProcessesEx: opcode 186 returning 0
[2026-06-23T14:11:32.408Z] [ message] [vix] [709] VixTools_ProcessVixCommand: command 186
[2026-06-23T14:11:32.633Z] [ message] [vix] [709] VixToolsListProcessesEx: opcode 186 returning 0
[2026-06-23T14:11:34.772Z] [ message] [vix] [709] VixTools_ProcessVixCommand: command 186
[2026-06-23T14:11:34.957Z] [ message] [vix] [709] VixToolsListProcessesEx: opcode 186 returning 0
[2026-06-23T14:11:37.510Z] [ message] [vix] [709] VixTools_ProcessVixCommand: command 186
[2026-06-23T14:11:37.629Z] [ message] [vix] [709] VixToolsListProcessesEx: opcode 186 returning 0
[2026-06-23T14:11:39.974Z] [ message] [vix] [709] VixTools_ProcessVixCommand: command 186
[2026-06-23T14:11:40.294Z] [ message] [vix] [709] VixToolsListProcessesEx: opcode 186 returning 0
[2026-06-23T14:11:42.388Z] [ message] [vix] [709] VixTools_ProcessVixCommand: command 186
[2026-06-23T14:11:42.678Z] [ message] [vix] [709] VixToolsListProcessesEx: opcode 186 returning 0
[2026-06-23T14:11:44.818Z] [ message] [vix] [709] VixTools_ProcessVixCommand: command 186
[2026-06-23T14:11:45.039Z] [ message] [vix] [709] VixToolsListProcessesEx: opcode 186 returning 0
[2026-06-23T14:11:47.339Z] [ message] [vix] [709] VixTools_ProcessVixCommand: command 186
[2026-06-23T14:11:47.661Z] [ message] [vix] [709] VixToolsListProcessesEx: opcode 186 returning 0
[2026-06-23T14:11:49.787Z] [ message] [vix] [709] VixTools_ProcessVixCommand: command 186
[2026-06-23T14:11:49.961Z] [ message] [vix] [709] VixToolsListProcessesEx: opcode 186 returning 0
[2026-06-23T14:11:52.380Z] [ message] [vix] [709] VixTools_ProcessVixCommand: command 186
[2026-06-23T14:11:52.631Z] [ message] [vix] [709] VixToolsListProcessesEx: opcode 186 returning 0
[2026-06-23T14:11:54.907Z] [ message] [vix] [709] VixTools_ProcessVixCommand: command 186
[2026-06-23T14:11:55.007Z] [ message] [vix] [709] VixToolsListProcessesEx: opcode 186 returning 0
[2026-06-23T14:11:57.158Z] [ message] [vix] [709] VixTools_ProcessVixCommand: command 186
[2026-06-23T14:11:57.242Z] [ message] [vix] [709] VixToolsListProcessesEx: opcode 186 returning 0
[2026-06-23T14:11:59.389Z] [ message] [vix] [709] VixTools_ProcessVixCommand: command 186
[2026-06-23T14:11:59.590Z] [ message] [vix] [709] VixToolsListProcessesEx: opcode 186 returning 0
[2026-06-23T14:12:01.735Z] [ message] [vix] [709] VixTools_ProcessVixCommand: command 186
[2026-06-23T14:12:01.832Z] [ message] [vix] [709] VixToolsListProcessesEx: opcode 186 returning 0
[2026-06-23T14:12:01.990Z] [ message] [vix] [709] VixTools_ProcessVixCommand: command 188
[2026-06-23T14:12:02.076Z] [ message] [vix] [709] VixToolsInitiateFileTransferFromGuest: opcode 188 returning 0
[2026-06-23T14:12:02.399Z] [ message] [vix] [709] VixTools_ProcessVixCommand: command 84
[2026-06-23T14:12:02.493Z] [ message] [vix] [709] VixTools_ProcessVixCommand: command 84
[2026-06-23T14:12:02.587Z] [ message] [vix] [709] VixTools_ProcessVixCommand: command 84
[2026-06-23T14:12:02.678Z] [ message] [vix] [709] VixTools_ProcessVixCommand: command 84
[2026-06-23T14:12:02.772Z] [ message] [vix] [709] VixTools_ProcessVixCommand: command 84
[2026-06-23T14:12:02.865Z] [ message] [vix] [709] VixTools_ProcessVixCommand: command 84
[2026-06-23T14:12:02.947Z] [ message] [vix] [709] VixTools_ProcessVixCommand: command 194
[2026-06-23T14:12:03.030Z] [ message] [vix] [709] VixToolsDeleteObject: opcode 194 returning 0
[2026-06-23T14:12:13.944Z] [ message] [vmsvc] [709] Executing script for state change 'OS_Halt'.
[2026-06-23T14:12:13.944Z] [ message] [powerops] [709] Executing script: '/etc/vmware-tools/poweroff-vm-default'
[2026-06-23T14:12:14.322Z] [ message] [vmsvc] [709] Script exit code: 0, success = 1
[2026-06-23T14:12:14.323Z] [ message] [vmsvc] [709] Initiating halt.
[2026-06-23T14:12:17.518Z] [ message] [vix] [709] VixTools_Uninitialize: HGFS session Invalidator detached
[2026-06-23T14:12:17.520Z] [ message] [vmtoolsd] [709] Unloading plugin 'vmbackup'.
[2026-06-23T14:12:17.520Z] [ message] [vmtoolsd] [709] Unloading plugin 'timeSync'.
[2026-06-23T14:12:17.520Z] [ message] [vmtoolsd] [709] Unloading plugin 'powerops'.
[2026-06-23T14:12:17.520Z] [ message] [vmtoolsd] [709] Unloading plugin 'guestStore'.
[2026-06-23T14:12:17.520Z] [ message] [vmtoolsd] [709] Unloading plugin 'guestInfo'.
[2026-06-23T14:12:17.520Z] [ message] [vmtoolsd] [709] Unloading plugin 'gdp'.
[2026-06-23T14:12:17.520Z] [ message] [vmtoolsd] [709] Unloading plugin 'deployPkg'.
[2026-06-23T14:12:17.520Z] [ message] [vmtoolsd] [709] Unloading plugin 'componentMgr'.
[2026-06-23T14:12:17.520Z] [ message] [vmtoolsd] [709] Unloading plugin 'appInfo'.
[2026-06-23T14:12:17.520Z] [ message] [vmtoolsd] [709] Unloading plugin 'vix'.
[2026-06-23T14:12:17.520Z] [ message] [vmtoolsd] [709] Unloading plugin 'hgfsServer'.
